Component: ARM Compiler 5.06 update 5 (build 528) Tool: armlink [4d35e2]

==============================================================================

Section Cross References

    main.o(.text) refers to delay.o(.text) for DELAY_INIT
    main.o(.text) refers to misc.o(.text) for NVIC_PriorityGroupConfig
    main.o(.text) refers to usart.o(.text) for USART1_INIT
    main.o(.text) refers to uart2.o(.text) for USART2_INIT
    main.o(.text) refers to gpio.o(.text) for LED1_INIT
    main.o(.text) refers to wifi.o(.text) for ESP_INIT
    main.o(.text) refers to printf3.o(i.__0printf$3) for __2printf
    main.o(.text) refers to rc522.o(.text) for RC522_Init
    main.o(.text) refers to memseta.o(.text) for __aeabi_memclr4
    main.o(.text) refers to stm32f10x_gpio.o(.text) for GPIO_ResetBits
    main.o(.text) refers to uart2.o(.data) for USART2_RX_STA
    main.o(.text) refers to uart2.o(.bss) for USART2_RX_BUF
    uart2.o(.text) refers to stm32f10x_usart.o(.text) for USART_GetITStatus
    uart2.o(.text) refers to stm32f10x_tim.o(.text) for TIM_SetCounter
    uart2.o(.text) refers to stm32f10x_rcc.o(.text) for RCC_APB1PeriphClockCmd
    uart2.o(.text) refers to misc.o(.text) for NVIC_Init
    uart2.o(.text) refers to stm32f10x_gpio.o(.text) for GPIO_Init
    uart2.o(.text) refers to printfa.o(i.__0vsprintf) for __c89vsprintf
    uart2.o(.text) refers to strlen.o(.text) for strlen
    uart2.o(.text) refers to uart2.o(.data) for USART2_RX_STA
    uart2.o(.text) refers to uart2.o(.bss) for USART2_RX_BUF
    uart3.o(.text) refers to stm32f10x_rcc.o(.text) for RCC_APB1PeriphClockCmd
    uart3.o(.text) refers to stm32f10x_gpio.o(.text) for GPIO_Init
    uart3.o(.text) refers to misc.o(.text) for NVIC_Init
    uart3.o(.text) refers to stm32f10x_usart.o(.text) for USART_Init
    uart3.o(.text) refers to printfa.o(i.__0vsprintf) for __c89vsprintf
    uart3.o(.text) refers to strlen.o(.text) for strlen
    uart3.o(.text) refers to uart3.o(.data) for USART3_RX_STA
    uart3.o(.text) refers to uart3.o(.bss) for USART3_RX_BUF
    wifi.o(.text) refers to printf3.o(i.__0printf$3) for __2printf
    wifi.o(.text) refers to strstr.o(.text) for strstr
    wifi.o(.text) refers to uart2.o(.text) for u2_printf
    wifi.o(.text) refers to delay.o(.text) for delay_ms
    wifi.o(.text) refers to uart2.o(.data) for USART2_RX_STA
    wifi.o(.text) refers to uart2.o(.bss) for USART2_RX_BUF
    ds18b20.o(.text) refers to delay.o(.text) for delay_us
    ds18b20.o(.text) refers to stm32f10x_rcc.o(.text) for RCC_APB2PeriphClockCmd
    ds18b20.o(.text) refers to stm32f10x_gpio.o(.text) for GPIO_Init
    ds18b20.o(.text) refers to fflti.o(.text) for __aeabi_i2f
    ds18b20.o(.text) refers to f2d.o(.text) for __aeabi_f2d
    ds18b20.o(.text) refers to dmul.o(.text) for __aeabi_dmul
    ds18b20.o(.text) refers to dfixi.o(.text) for __aeabi_d2iz
    gpio.o(.text) refers to stm32f10x_rcc.o(.text) for RCC_APB2PeriphClockCmd
    gpio.o(.text) refers to stm32f10x_gpio.o(.text) for GPIO_Init
    delay.o(.text) refers to misc.o(.text) for SysTick_CLKSourceConfig
    delay.o(.text) refers to system_stm32f10x.o(.data) for SystemCoreClock
    delay.o(.text) refers to delay.o(.data) for fac_us
    usart.o(.text) refers to stm32f10x_rcc.o(.text) for RCC_APB2PeriphClockCmd
    usart.o(.text) refers to stm32f10x_gpio.o(.text) for GPIO_Init
    usart.o(.text) refers to misc.o(.text) for NVIC_Init
    usart.o(.text) refers to stm32f10x_usart.o(.text) for USART_Init
    usart.o(.text) refers to printf3.o(i.__0printf$3) for __2printf
    usart.o(.text) refers to usart.o(.data) for USART_RX_STA
    usart.o(.text) refers to usart.o(.bss) for USART_RX_BUF
    glr_adc.o(.text) refers to stm32f10x_rcc.o(.text) for RCC_APB2PeriphClockCmd
    glr_adc.o(.text) refers to stm32f10x_gpio.o(.text) for GPIO_Init
    glr_adc.o(.text) refers to stm32f10x_dma.o(.text) for DMA_DeInit
    glr_adc.o(.text) refers to stm32f10x_adc.o(.text) for ADC_Init
    glr_adc.o(.text) refers to glr_adc.o(.bss) for data_value
    rc522.o(.text) refers to stm32f10x_gpio.o(.text) for GPIO_SetBits
    rc522.o(.text) refers to delay.o(.text) for delay_us
    rc522.o(.text) refers to printf3.o(i.__0printf$3) for __2printf
    rc522.o(.text) refers to printf3.o(i.__0sprintf$3) for __2sprintf
    rc522.o(.text) refers to uart2.o(.text) for u2_printf
    rc522.o(.text) refers to stm32f10x_rcc.o(.text) for RCC_APB2PeriphClockCmd
    rc522.o(.text) refers to rc522.o(.data) for CT
    rc522.o(.text) refers to rc522.o(.bss) for RFID
    rc522.o(.text) refers to memcpya.o(.text) for __aeabi_memcpy
    system_stm32f10x.o(.text) refers to system_stm32f10x.o(.data) for SystemCoreClock
    startup_stm32f10x_md.o(RESET) refers to startup_stm32f10x_md.o(STACK) for __initial_sp
    startup_stm32f10x_md.o(RESET) refers to startup_stm32f10x_md.o(.text) for Reset_Handler
    startup_stm32f10x_md.o(RESET) refers to stm32f10x_it.o(.text) for NMI_Handler
    startup_stm32f10x_md.o(RESET) refers to uart2.o(.text) for TIM4_IRQHandler
    startup_stm32f10x_md.o(RESET) refers to usart.o(.text) for USART1_IRQHandler
    startup_stm32f10x_md.o(RESET) refers to uart3.o(.text) for USART3_IRQHandler
    startup_stm32f10x_md.o(.text) refers to system_stm32f10x.o(.text) for SystemInit
    startup_stm32f10x_md.o(.text) refers to entry.o(.ARM.Collect$$$$00000000) for __main
    stm32f10x_gpio.o(.text) refers to stm32f10x_rcc.o(.text) for RCC_APB2PeriphResetCmd
    stm32f10x_rcc.o(.text) refers to stm32f10x_rcc.o(.data) for APBAHBPrescTable
    stm32f10x_usart.o(.text) refers to stm32f10x_rcc.o(.text) for RCC_APB2PeriphResetCmd
    stm32f10x_tim.o(.text) refers to stm32f10x_rcc.o(.text) for RCC_APB2PeriphResetCmd
    stm32f10x_adc.o(.text) refers to stm32f10x_rcc.o(.text) for RCC_APB2PeriphResetCmd
    entry.o(.ARM.Collect$$$$00000000) refers (Special) to entry10a.o(.ARM.Collect$$$$0000000D) for __rt_final_cpp
    entry.o(.ARM.Collect$$$$00000000) refers (Special) to entry11a.o(.ARM.Collect$$$$0000000F) for __rt_final_exit
    entry.o(.ARM.Collect$$$$00000000) refers (Special) to entry7b.o(.ARM.Collect$$$$00000008) for _main_clock
    entry.o(.ARM.Collect$$$$00000000) refers (Special) to entry8b.o(.ARM.Collect$$$$0000000A) for _main_cpp_init
    entry.o(.ARM.Collect$$$$00000000) refers (Special) to entry9a.o(.ARM.Collect$$$$0000000B) for _main_init
    entry.o(.ARM.Collect$$$$00000000) refers (Special) to entry5.o(.ARM.Collect$$$$00000004) for _main_scatterload
    entry.o(.ARM.Collect$$$$00000000) refers (Special) to entry2.o(.ARM.Collect$$$$00000001) for _main_stk
    printfb.o(i.__0fprintf$bare) refers to printfb.o(i._printf_core) for _printf_core
    printfb.o(i.__0fprintf$bare) refers to usart.o(.text) for fputc
    printfb.o(i.__0printf$bare) refers to printfb.o(i._printf_core) for _printf_core
    printfb.o(i.__0printf$bare) refers to usart.o(.text) for fputc
    printfb.o(i.__0printf$bare) refers to usart.o(.data) for __stdout
    printfb.o(i.__0snprintf$bare) refers to printfb.o(i._printf_core) for _printf_core
    printfb.o(i.__0snprintf$bare) refers to printfb.o(i._snputc) for _snputc
    printfb.o(i.__0sprintf$bare) refers to printfb.o(i._printf_core) for _printf_core
    printfb.o(i.__0sprintf$bare) refers to printfb.o(i._sputc) for _sputc
    printfb.o(i.__0vfprintf$bare) refers to printfb.o(i._printf_core) for _printf_core
    printfb.o(i.__0vfprintf$bare) refers to usart.o(.text) for fputc
    printfb.o(i.__0vprintf$bare) refers to printfb.o(i._printf_core) for _printf_core
    printfb.o(i.__0vprintf$bare) refers to usart.o(.text) for fputc
    printfb.o(i.__0vprintf$bare) refers to usart.o(.data) for __stdout
    printfb.o(i.__0vsnprintf$bare) refers to printfb.o(i._printf_core) for _printf_core
    printfb.o(i.__0vsnprintf$bare) refers to printfb.o(i._snputc) for _snputc
    printfb.o(i.__0vsprintf$bare) refers to printfb.o(i._printf_core) for _printf_core
    printfb.o(i.__0vsprintf$bare) refers to printfb.o(i._sputc) for _sputc
    printf0.o(i.__0fprintf$0) refers to printf0.o(i._printf_core) for _printf_core
    printf0.o(i.__0fprintf$0) refers to usart.o(.text) for fputc
    printf0.o(i.__0printf$0) refers to printf0.o(i._printf_core) for _printf_core
    printf0.o(i.__0printf$0) refers to usart.o(.text) for fputc
    printf0.o(i.__0printf$0) refers to usart.o(.data) for __stdout
    printf0.o(i.__0snprintf$0) refers to printf0.o(i._printf_core) for _printf_core
    printf0.o(i.__0snprintf$0) refers to printf0.o(i._snputc) for _snputc
    printf0.o(i.__0sprintf$0) refers to printf0.o(i._printf_core) for _printf_core
    printf0.o(i.__0sprintf$0) refers to printf0.o(i._sputc) for _sputc
    printf0.o(i.__0vfprintf$0) refers to printf0.o(i._printf_core) for _printf_core
    printf0.o(i.__0vfprintf$0) refers to usart.o(.text) for fputc
    printf0.o(i.__0vprintf$0) refers to printf0.o(i._printf_core) for _printf_core
    printf0.o(i.__0vprintf$0) refers to usart.o(.text) for fputc
    printf0.o(i.__0vprintf$0) refers to usart.o(.data) for __stdout
    printf0.o(i.__0vsnprintf$0) refers to printf0.o(i._printf_core) for _printf_core
    printf0.o(i.__0vsnprintf$0) refers to printf0.o(i._snputc) for _snputc
    printf0.o(i.__0vsprintf$0) refers to printf0.o(i._printf_core) for _printf_core
    printf0.o(i.__0vsprintf$0) refers to printf0.o(i._sputc) for _sputc
    printf1.o(i.__0fprintf$1) refers to printf1.o(i._printf_core) for _printf_core
    printf1.o(i.__0fprintf$1) refers to usart.o(.text) for fputc
    printf1.o(i.__0printf$1) refers to printf1.o(i._printf_core) for _printf_core
    printf1.o(i.__0printf$1) refers to usart.o(.text) for fputc
    printf1.o(i.__0printf$1) refers to usart.o(.data) for __stdout
    printf1.o(i.__0snprintf$1) refers to printf1.o(i._printf_core) for _printf_core
    printf1.o(i.__0snprintf$1) refers to printf1.o(i._snputc) for _snputc
    printf1.o(i.__0sprintf$1) refers to printf1.o(i._printf_core) for _printf_core
    printf1.o(i.__0sprintf$1) refers to printf1.o(i._sputc) for _sputc
    printf1.o(i.__0vfprintf$1) refers to printf1.o(i._printf_core) for _printf_core
    printf1.o(i.__0vfprintf$1) refers to usart.o(.text) for fputc
    printf1.o(i.__0vprintf$1) refers to printf1.o(i._printf_core) for _printf_core
    printf1.o(i.__0vprintf$1) refers to usart.o(.text) for fputc
    printf1.o(i.__0vprintf$1) refers to usart.o(.data) for __stdout
    printf1.o(i.__0vsnprintf$1) refers to printf1.o(i._printf_core) for _printf_core
    printf1.o(i.__0vsnprintf$1) refers to printf1.o(i._snputc) for _snputc
    printf1.o(i.__0vsprintf$1) refers to printf1.o(i._printf_core) for _printf_core
    printf1.o(i.__0vsprintf$1) refers to printf1.o(i._sputc) for _sputc
    printf1.o(i._printf_core) refers to uidiv.o(.text) for __aeabi_uidivmod
    printf2.o(i.__0fprintf$2) refers to printf2.o(i._printf_core) for _printf_core
    printf2.o(i.__0fprintf$2) refers to usart.o(.text) for fputc
    printf2.o(i.__0printf$2) refers to printf2.o(i._printf_core) for _printf_core
    printf2.o(i.__0printf$2) refers to usart.o(.text) for fputc
    printf2.o(i.__0printf$2) refers to usart.o(.data) for __stdout
    printf2.o(i.__0snprintf$2) refers to printf2.o(i._printf_core) for _printf_core
    printf2.o(i.__0snprintf$2) refers to printf2.o(i._snputc) for _snputc
    printf2.o(i.__0sprintf$2) refers to printf2.o(i._printf_core) for _printf_core
    printf2.o(i.__0sprintf$2) refers to printf2.o(i._sputc) for _sputc
    printf2.o(i.__0vfprintf$2) refers to printf2.o(i._printf_core) for _printf_core
    printf2.o(i.__0vfprintf$2) refers to usart.o(.text) for fputc
    printf2.o(i.__0vprintf$2) refers to printf2.o(i._printf_core) for _printf_core
    printf2.o(i.__0vprintf$2) refers to usart.o(.text) for fputc
    printf2.o(i.__0vprintf$2) refers to usart.o(.data) for __stdout
    printf2.o(i.__0vsnprintf$2) refers to printf2.o(i._printf_core) for _printf_core
    printf2.o(i.__0vsnprintf$2) refers to printf2.o(i._snputc) for _snputc
    printf2.o(i.__0vsprintf$2) refers to printf2.o(i._printf_core) for _printf_core
    printf2.o(i.__0vsprintf$2) refers to printf2.o(i._sputc) for _sputc
    printf3.o(i.__0fprintf$3) refers to printf3.o(i._printf_core) for _printf_core
    printf3.o(i.__0fprintf$3) refers to usart.o(.text) for fputc
    printf3.o(i.__0printf$3) refers to printf3.o(i._printf_core) for _printf_core
    printf3.o(i.__0printf$3) refers to usart.o(.text) for fputc
    printf3.o(i.__0printf$3) refers to usart.o(.data) for __stdout
    printf3.o(i.__0snprintf$3) refers to printf3.o(i._printf_core) for _printf_core
    printf3.o(i.__0snprintf$3) refers to printf3.o(i._snputc) for _snputc
    printf3.o(i.__0sprintf$3) refers to printf3.o(i._printf_core) for _printf_core
    printf3.o(i.__0sprintf$3) refers to printf3.o(i._sputc) for _sputc
    printf3.o(i.__0vfprintf$3) refers to printf3.o(i._printf_core) for _printf_core
    printf3.o(i.__0vfprintf$3) refers to usart.o(.text) for fputc
    printf3.o(i.__0vprintf$3) refers to printf3.o(i._printf_core) for _printf_core
    printf3.o(i.__0vprintf$3) refers to usart.o(.text) for fputc
    printf3.o(i.__0vprintf$3) refers to usart.o(.data) for __stdout
    printf3.o(i.__0vsnprintf$3) refers to printf3.o(i._printf_core) for _printf_core
    printf3.o(i.__0vsnprintf$3) refers to printf3.o(i._snputc) for _snputc
    printf3.o(i.__0vsprintf$3) refers to printf3.o(i._printf_core) for _printf_core
    printf3.o(i.__0vsprintf$3) refers to printf3.o(i._sputc) for _sputc
    printf3.o(i._printf_core) refers to uidiv.o(.text) for __aeabi_uidivmod
    printf4.o(i.__0fprintf$4) refers to printf4.o(i._printf_core) for _printf_core
    printf4.o(i.__0fprintf$4) refers to usart.o(.text) for fputc
    printf4.o(i.__0printf$4) refers to printf4.o(i._printf_core) for _printf_core
    printf4.o(i.__0printf$4) refers to usart.o(.text) for fputc
    printf4.o(i.__0printf$4) refers to usart.o(.data) for __stdout
    printf4.o(i.__0snprintf$4) refers to printf4.o(i._printf_core) for _printf_core
    printf4.o(i.__0snprintf$4) refers to printf4.o(i._snputc) for _snputc
    printf4.o(i.__0sprintf$4) refers to printf4.o(i._printf_core) for _printf_core
    printf4.o(i.__0sprintf$4) refers to printf4.o(i._sputc) for _sputc
    printf4.o(i.__0vfprintf$4) refers to printf4.o(i._printf_core) for _printf_core
    printf4.o(i.__0vfprintf$4) refers to usart.o(.text) for fputc
    printf4.o(i.__0vprintf$4) refers to printf4.o(i._printf_core) for _printf_core
    printf4.o(i.__0vprintf$4) refers to usart.o(.text) for fputc
    printf4.o(i.__0vprintf$4) refers to usart.o(.data) for __stdout
    printf4.o(i.__0vsnprintf$4) refers to printf4.o(i._printf_core) for _printf_core
    printf4.o(i.__0vsnprintf$4) refers to printf4.o(i._snputc) for _snputc
    printf4.o(i.__0vsprintf$4) refers to printf4.o(i._printf_core) for _printf_core
    printf4.o(i.__0vsprintf$4) refers to printf4.o(i._sputc) for _sputc
    printf4.o(i._printf_core) refers to uldiv.o(.text) for __aeabi_uldivmod
    printf5.o(i.__0fprintf$5) refers to printf5.o(i._printf_core) for _printf_core
    printf5.o(i.__0fprintf$5) refers to usart.o(.text) for fputc
    printf5.o(i.__0printf$5) refers to printf5.o(i._printf_core) for _printf_core
    printf5.o(i.__0printf$5) refers to usart.o(.text) for fputc
    printf5.o(i.__0printf$5) refers to usart.o(.data) for __stdout
    printf5.o(i.__0snprintf$5) refers to printf5.o(i._printf_core) for _printf_core
    printf5.o(i.__0snprintf$5) refers to printf5.o(i._snputc) for _snputc
    printf5.o(i.__0sprintf$5) refers to printf5.o(i._printf_core) for _printf_core
    printf5.o(i.__0sprintf$5) refers to printf5.o(i._sputc) for _sputc
    printf5.o(i.__0vfprintf$5) refers to printf5.o(i._printf_core) for _printf_core
    printf5.o(i.__0vfprintf$5) refers to usart.o(.text) for fputc
    printf5.o(i.__0vprintf$5) refers to printf5.o(i._printf_core) for _printf_core
    printf5.o(i.__0vprintf$5) refers to usart.o(.text) for fputc
    printf5.o(i.__0vprintf$5) refers to usart.o(.data) for __stdout
    printf5.o(i.__0vsnprintf$5) refers to printf5.o(i._printf_core) for _printf_core
    printf5.o(i.__0vsnprintf$5) refers to printf5.o(i._snputc) for _snputc
    printf5.o(i.__0vsprintf$5) refers to printf5.o(i._printf_core) for _printf_core
    printf5.o(i.__0vsprintf$5) refers to printf5.o(i._sputc) for _sputc
    printf5.o(i._printf_core) refers to uldiv.o(.text) for __aeabi_uldivmod
    printf6.o(i.__0fprintf$6) refers to printf6.o(i._printf_core) for _printf_core
    printf6.o(i.__0fprintf$6) refers to usart.o(.text) for fputc
    printf6.o(i.__0printf$6) refers to printf6.o(i._printf_core) for _printf_core
    printf6.o(i.__0printf$6) refers to usart.o(.text) for fputc
    printf6.o(i.__0printf$6) refers to usart.o(.data) for __stdout
    printf6.o(i.__0snprintf$6) refers to printf6.o(i._printf_core) for _printf_core
    printf6.o(i.__0snprintf$6) refers to printf6.o(i._snputc) for _snputc
    printf6.o(i.__0sprintf$6) refers to printf6.o(i._printf_core) for _printf_core
    printf6.o(i.__0sprintf$6) refers to printf6.o(i._sputc) for _sputc
    printf6.o(i.__0vfprintf$6) refers to printf6.o(i._printf_core) for _printf_core
    printf6.o(i.__0vfprintf$6) refers to usart.o(.text) for fputc
    printf6.o(i.__0vprintf$6) refers to printf6.o(i._printf_core) for _printf_core
    printf6.o(i.__0vprintf$6) refers to usart.o(.text) for fputc
    printf6.o(i.__0vprintf$6) refers to usart.o(.data) for __stdout
    printf6.o(i.__0vsnprintf$6) refers to printf6.o(i._printf_core) for _printf_core
    printf6.o(i.__0vsnprintf$6) refers to printf6.o(i._snputc) for _snputc
    printf6.o(i.__0vsprintf$6) refers to printf6.o(i._printf_core) for _printf_core
    printf6.o(i.__0vsprintf$6) refers to printf6.o(i._sputc) for _sputc
    printf6.o(i._printf_core) refers to printf6.o(i._printf_pre_padding) for _printf_pre_padding
    printf6.o(i._printf_core) refers to uidiv.o(.text) for __aeabi_uidivmod
    printf6.o(i._printf_core) refers to printf6.o(i._printf_post_padding) for _printf_post_padding
    printf7.o(i.__0fprintf$7) refers to printf7.o(i._printf_core) for _printf_core
    printf7.o(i.__0fprintf$7) refers to usart.o(.text) for fputc
    printf7.o(i.__0printf$7) refers to printf7.o(i._printf_core) for _printf_core
    printf7.o(i.__0printf$7) refers to usart.o(.text) for fputc
    printf7.o(i.__0printf$7) refers to usart.o(.data) for __stdout
    printf7.o(i.__0snprintf$7) refers to printf7.o(i._printf_core) for _printf_core
    printf7.o(i.__0snprintf$7) refers to printf7.o(i._snputc) for _snputc
    printf7.o(i.__0sprintf$7) refers to printf7.o(i._printf_core) for _printf_core
    printf7.o(i.__0sprintf$7) refers to printf7.o(i._sputc) for _sputc
    printf7.o(i.__0vfprintf$7) refers to printf7.o(i._printf_core) for _printf_core
    printf7.o(i.__0vfprintf$7) refers to usart.o(.text) for fputc
    printf7.o(i.__0vprintf$7) refers to printf7.o(i._printf_core) for _printf_core
    printf7.o(i.__0vprintf$7) refers to usart.o(.text) for fputc
    printf7.o(i.__0vprintf$7) refers to usart.o(.data) for __stdout
    printf7.o(i.__0vsnprintf$7) refers to printf7.o(i._printf_core) for _printf_core
    printf7.o(i.__0vsnprintf$7) refers to printf7.o(i._snputc) for _snputc
    printf7.o(i.__0vsprintf$7) refers to printf7.o(i._printf_core) for _printf_core
    printf7.o(i.__0vsprintf$7) refers to printf7.o(i._sputc) for _sputc
    printf7.o(i._printf_core) refers to printf7.o(i._printf_pre_padding) for _printf_pre_padding
    printf7.o(i._printf_core) refers to uldiv.o(.text) for __aeabi_uldivmod
    printf7.o(i._printf_core) refers to printf7.o(i._printf_post_padding) for _printf_post_padding
    printf8.o(i.__0fprintf$8) refers to printf8.o(i._printf_core) for _printf_core
    printf8.o(i.__0fprintf$8) refers to usart.o(.text) for fputc
    printf8.o(i.__0printf$8) refers to printf8.o(i._printf_core) for _printf_core
    printf8.o(i.__0printf$8) refers to usart.o(.text) for fputc
    printf8.o(i.__0printf$8) refers to usart.o(.data) for __stdout
    printf8.o(i.__0snprintf$8) refers to printf8.o(i._printf_core) for _printf_core
    printf8.o(i.__0snprintf$8) refers to printf8.o(i._snputc) for _snputc
    printf8.o(i.__0sprintf$8) refers to printf8.o(i._printf_core) for _printf_core
    printf8.o(i.__0sprintf$8) refers to printf8.o(i._sputc) for _sputc
    printf8.o(i.__0vfprintf$8) refers to printf8.o(i._printf_core) for _printf_core
    printf8.o(i.__0vfprintf$8) refers to usart.o(.text) for fputc
    printf8.o(i.__0vprintf$8) refers to printf8.o(i._printf_core) for _printf_core
    printf8.o(i.__0vprintf$8) refers to usart.o(.text) for fputc
    printf8.o(i.__0vprintf$8) refers to usart.o(.data) for __stdout
    printf8.o(i.__0vsnprintf$8) refers to printf8.o(i._printf_core) for _printf_core
    printf8.o(i.__0vsnprintf$8) refers to printf8.o(i._snputc) for _snputc
    printf8.o(i.__0vsprintf$8) refers to printf8.o(i._printf_core) for _printf_core
    printf8.o(i.__0vsprintf$8) refers to printf8.o(i._sputc) for _sputc
    printf8.o(i._printf_core) refers to printf8.o(i._printf_pre_padding) for _printf_pre_padding
    printf8.o(i._printf_core) refers to uldiv.o(.text) for __aeabi_uldivmod
    printf8.o(i._printf_core) refers to printf8.o(i._printf_post_padding) for _printf_post_padding
    printfa.o(i.__0fprintf) refers (Special) to iusefp.o(.text) for __I$use$fp
    printfa.o(i.__0fprintf) refers to printfa.o(i._printf_core) for _printf_core
    printfa.o(i.__0fprintf) refers to usart.o(.text) for fputc
    printfa.o(i.__0printf) refers (Special) to iusefp.o(.text) for __I$use$fp
    printfa.o(i.__0printf) refers to printfa.o(i._printf_core) for _printf_core
    printfa.o(i.__0printf) refers to usart.o(.text) for fputc
    printfa.o(i.__0printf) refers to usart.o(.data) for __stdout
    printfa.o(i.__0snprintf) refers (Special) to iusefp.o(.text) for __I$use$fp
    printfa.o(i.__0snprintf) refers to printfa.o(i._printf_core) for _printf_core
    printfa.o(i.__0snprintf) refers to printfa.o(i._snputc) for _snputc
    printfa.o(i.__0sprintf) refers (Special) to iusefp.o(.text) for __I$use$fp
    printfa.o(i.__0sprintf) refers to printfa.o(i._printf_core) for _printf_core
    printfa.o(i.__0sprintf) refers to printfa.o(i._sputc) for _sputc
    printfa.o(i.__0vfprintf) refers (Special) to iusefp.o(.text) for __I$use$fp
    printfa.o(i.__0vfprintf) refers to printfa.o(i._printf_core) for _printf_core
    printfa.o(i.__0vfprintf) refers to usart.o(.text) for fputc
    printfa.o(i.__0vprintf) refers (Special) to iusefp.o(.text) for __I$use$fp
    printfa.o(i.__0vprintf) refers to printfa.o(i._printf_core) for _printf_core
    printfa.o(i.__0vprintf) refers to usart.o(.text) for fputc
    printfa.o(i.__0vprintf) refers to usart.o(.data) for __stdout
    printfa.o(i.__0vsnprintf) refers (Special) to iusefp.o(.text) for __I$use$fp
    printfa.o(i.__0vsnprintf) refers to printfa.o(i._printf_core) for _printf_core
    printfa.o(i.__0vsnprintf) refers to printfa.o(i._snputc) for _snputc
    printfa.o(i.__0vsprintf) refers (Special) to iusefp.o(.text) for __I$use$fp
    printfa.o(i.__0vsprintf) refers to printfa.o(i._printf_core) for _printf_core
    printfa.o(i.__0vsprintf) refers to printfa.o(i._sputc) for _sputc
    printfa.o(i._fp_digits) refers (Special) to iusefp.o(.text) for __I$use$fp
    printfa.o(i._fp_digits) refers to dmul.o(.text) for __aeabi_dmul
    printfa.o(i._fp_digits) refers to ddiv.o(.text) for __aeabi_ddiv
    printfa.o(i._fp_digits) refers to cdrcmple.o(.text) for __aeabi_cdrcmple
    printfa.o(i._fp_digits) refers to dadd.o(.text) for __aeabi_dadd
    printfa.o(i._fp_digits) refers to dfixul.o(.text) for __aeabi_d2ulz
    printfa.o(i._fp_digits) refers to uldiv.o(.text) for __aeabi_uldivmod
    printfa.o(i._printf_core) refers (Special) to iusefp.o(.text) for __I$use$fp
    printfa.o(i._printf_core) refers to printfa.o(i._printf_pre_padding) for _printf_pre_padding
    printfa.o(i._printf_core) refers to uldiv.o(.text) for __aeabi_uldivmod
    printfa.o(i._printf_core) refers to printfa.o(i._printf_post_padding) for _printf_post_padding
    printfa.o(i._printf_core) refers to printfa.o(i._fp_digits) for _fp_digits
    printfa.o(i._printf_core) refers to uidiv.o(.text) for __aeabi_uidivmod
    printfa.o(i._printf_post_padding) refers (Special) to iusefp.o(.text) for __I$use$fp
    printfa.o(i._printf_pre_padding) refers (Special) to iusefp.o(.text) for __I$use$fp
    printfa.o(i._snputc) refers (Special) to iusefp.o(.text) for __I$use$fp
    printfa.o(i._sputc) refers (Special) to iusefp.o(.text) for __I$use$fp
    dmul.o(.text) refers (Special) to iusefp.o(.text) for __I$use$fp
    dmul.o(.text) refers to depilogue.o(.text) for _double_epilogue
    fflti.o(.text) refers (Special) to iusefp.o(.text) for __I$use$fp
    fflti.o(.text) refers to fepilogue.o(.text) for _float_epilogue
    dfixi.o(.text) refers (Special) to iusefp.o(.text) for __I$use$fp
    dfixi.o(.text) refers to llushr.o(.text) for __aeabi_llsr
    f2d.o(.text) refers (Special) to iusefp.o(.text) for __I$use$fp
    entry2.o(.ARM.Collect$$$$00000001) refers to entry2.o(.ARM.Collect$$$$00002712) for __lit__00000000
    entry2.o(.ARM.Collect$$$$00002712) refers to startup_stm32f10x_md.o(STACK) for __initial_sp
    entry2.o(__vectab_stack_and_reset_area) refers to startup_stm32f10x_md.o(STACK) for __initial_sp
    entry2.o(__vectab_stack_and_reset_area) refers to entry.o(.ARM.Collect$$$$00000000) for __main
    entry5.o(.ARM.Collect$$$$00000004) refers to init.o(.text) for __scatterload
    entry9a.o(.ARM.Collect$$$$0000000B) refers to main.o(.text) for main
    entry9b.o(.ARM.Collect$$$$0000000C) refers to main.o(.text) for main
    uldiv.o(.text) refers to llushr.o(.text) for __aeabi_llsr
    uldiv.o(.text) refers to llshl.o(.text) for __aeabi_llsl
    depilogue.o(.text) refers to llshl.o(.text) for __aeabi_llsl
    depilogue.o(.text) refers to llushr.o(.text) for __aeabi_llsr
    dadd.o(.text) refers to llshl.o(.text) for __aeabi_llsl
    dadd.o(.text) refers to llsshr.o(.text) for __aeabi_lasr
    dadd.o(.text) refers to depilogue.o(.text) for _double_epilogue
    ddiv.o(.text) refers to depilogue.o(.text) for _double_round
    dfixul.o(.text) refers to llushr.o(.text) for __aeabi_llsr
    dfixul.o(.text) refers to llshl.o(.text) for __aeabi_llsl
    init.o(.text) refers to entry5.o(.ARM.Collect$$$$00000004) for __main_after_scatterload


==============================================================================

Removing Unused input sections from the image.

    Removing main.o(.data), (52 bytes).
    Removing ds18b20.o(.text), (612 bytes).
    Removing glr_adc.o(.text), (336 bytes).
    Removing glr_adc.o(.bss), (12 bytes).
    Removing sys.o(.emb_text), (6 bytes).
    Removing sys.o(.text), (12 bytes).
    Removing core_cm3.o(.emb_text), (32 bytes).
    Removing startup_stm32f10x_md.o(HEAP), (4096 bytes).
    Removing stm32f10x_adc.o(.text), (1102 bytes).
    Removing stm32f10x_dma.o(.text), (596 bytes).
    Removing fflti.o(.text), (18 bytes).
    Removing dfixi.o(.text), (62 bytes).
    Removing f2d.o(.text), (38 bytes).
    Removing fepilogue.o(.text), (110 bytes).

14 unused section(s) (total 7084 bytes) removed from the image.

==============================================================================

Image Symbol Table

    Local Symbols

    Symbol Name                              Value     Ov Type        Size  Object(Section)

    ../clib/microlib/division.c              0x00000000   Number         0  uldiv.o ABSOLUTE
    ../clib/microlib/division.c              0x00000000   Number         0  uidiv.o ABSOLUTE
    ../clib/microlib/init/entry.s            0x00000000   Number         0  entry11b.o ABSOLUTE
    ../clib/microlib/init/entry.s            0x00000000   Number         0  entry11a.o ABSOLUTE
    ../clib/microlib/init/entry.s            0x00000000   Number         0  entry.o ABSOLUTE
    ../clib/microlib/init/entry.s            0x00000000   Number         0  entry2.o ABSOLUTE
    ../clib/microlib/init/entry.s            0x00000000   Number         0  entry5.o ABSOLUTE
    ../clib/microlib/init/entry.s            0x00000000   Number         0  entry7a.o ABSOLUTE
    ../clib/microlib/init/entry.s            0x00000000   Number         0  entry7b.o ABSOLUTE
    ../clib/microlib/init/entry.s            0x00000000   Number         0  entry8a.o ABSOLUTE
    ../clib/microlib/init/entry.s            0x00000000   Number         0  entry8b.o ABSOLUTE
    ../clib/microlib/init/entry.s            0x00000000   Number         0  entry10b.o ABSOLUTE
    ../clib/microlib/init/entry.s            0x00000000   Number         0  entry9a.o ABSOLUTE
    ../clib/microlib/init/entry.s            0x00000000   Number         0  entry9b.o ABSOLUTE
    ../clib/microlib/init/entry.s            0x00000000   Number         0  entry10a.o ABSOLUTE
    ../clib/microlib/longlong.c              0x00000000   Number         0  llshl.o ABSOLUTE
    ../clib/microlib/longlong.c              0x00000000   Number         0  llushr.o ABSOLUTE
    ../clib/microlib/longlong.c              0x00000000   Number         0  llsshr.o ABSOLUTE
    ../clib/microlib/printf/printf.c         0x00000000   Number         0  printf1.o ABSOLUTE
    ../clib/microlib/printf/printf.c         0x00000000   Number         0  printf6.o ABSOLUTE
    ../clib/microlib/printf/printf.c         0x00000000   Number         0  printf2.o ABSOLUTE
    ../clib/microlib/printf/printf.c         0x00000000   Number         0  printf5.o ABSOLUTE
    ../clib/microlib/printf/printf.c         0x00000000   Number         0  printfa.o ABSOLUTE
    ../clib/microlib/printf/printf.c         0x00000000   Number         0  printf4.o ABSOLUTE
    ../clib/microlib/printf/printf.c         0x00000000   Number         0  printf8.o ABSOLUTE
    ../clib/microlib/printf/printf.c         0x00000000   Number         0  printf7.o ABSOLUTE
    ../clib/microlib/printf/printf.c         0x00000000   Number         0  printf3.o ABSOLUTE
    ../clib/microlib/printf/printf.c         0x00000000   Number         0  printfb.o ABSOLUTE
    ../clib/microlib/printf/printf.c         0x00000000   Number         0  printf0.o ABSOLUTE
    ../clib/microlib/printf/stubs.s          0x00000000   Number         0  stubs.o ABSOLUTE
    ../clib/microlib/string/memcpy.c         0x00000000   Number         0  memcpyb.o ABSOLUTE
    ../clib/microlib/string/memcpy.c         0x00000000   Number         0  memcpya.o ABSOLUTE
    ../clib/microlib/string/memset.c         0x00000000   Number         0  memseta.o ABSOLUTE
    ../clib/microlib/string/strlen.c         0x00000000   Number         0  strlen.o ABSOLUTE
    ../clib/microlib/string/strstr.c         0x00000000   Number         0  strstr.o ABSOLUTE
    ../clib/microlib/stubs.s                 0x00000000   Number         0  useno.o ABSOLUTE
    ../clib/microlib/stubs.s                 0x00000000   Number         0  iusefp.o ABSOLUTE
    ../fplib/microlib/f2d.c                  0x00000000   Number         0  f2d.o ABSOLUTE
    ../fplib/microlib/fpadd.c                0x00000000   Number         0  dadd.o ABSOLUTE
    ../fplib/microlib/fpdiv.c                0x00000000   Number         0  ddiv.o ABSOLUTE
    ../fplib/microlib/fpepilogue.c           0x00000000   Number         0  fepilogue.o ABSOLUTE
    ../fplib/microlib/fpepilogue.c           0x00000000   Number         0  depilogue.o ABSOLUTE
    ../fplib/microlib/fpfix.c                0x00000000   Number         0  dfixi.o ABSOLUTE
    ../fplib/microlib/fpfix.c                0x00000000   Number         0  dfixul.o ABSOLUTE
    ../fplib/microlib/fpflt.c                0x00000000   Number         0  fflti.o ABSOLUTE
    ../fplib/microlib/fpmul.c                0x00000000   Number         0  dmul.o ABSOLUTE
    ..\CORE\core_cm3.c                       0x00000000   Number         0  core_cm3.o ABSOLUTE
    ..\CORE\startup_stm32f10x_md.s           0x00000000   Number         0  startup_stm32f10x_md.o ABSOLUTE
    ..\HARDWARE\ADC\glr_adc.c                0x00000000   Number         0  glr_adc.o ABSOLUTE
    ..\HARDWARE\DS18B20\ds18b20.c            0x00000000   Number         0  ds18b20.o ABSOLUTE
    ..\HARDWARE\ESP8266\wifi.c               0x00000000   Number         0  wifi.o ABSOLUTE
    ..\HARDWARE\GPIO\gpio.c                  0x00000000   Number         0  gpio.o ABSOLUTE
    ..\HARDWARE\RFID\rc522.c                 0x00000000   Number         0  rc522.o ABSOLUTE
    ..\HARDWARE\UARTx\uart2.c                0x00000000   Number         0  uart2.o ABSOLUTE
    ..\HARDWARE\UARTx\uart3.c                0x00000000   Number         0  uart3.o ABSOLUTE
    ..\STM32F10x_FWLib\src\misc.c            0x00000000   Number         0  misc.o ABSOLUTE
    ..\STM32F10x_FWLib\src\stm32f10x_adc.c   0x00000000   Number         0  stm32f10x_adc.o ABSOLUTE
    ..\STM32F10x_FWLib\src\stm32f10x_dma.c   0x00000000   Number         0  stm32f10x_dma.o ABSOLUTE
    ..\STM32F10x_FWLib\src\stm32f10x_gpio.c  0x00000000   Number         0  stm32f10x_gpio.o ABSOLUTE
    ..\STM32F10x_FWLib\src\stm32f10x_rcc.c   0x00000000   Number         0  stm32f10x_rcc.o ABSOLUTE
    ..\STM32F10x_FWLib\src\stm32f10x_tim.c   0x00000000   Number         0  stm32f10x_tim.o ABSOLUTE
    ..\STM32F10x_FWLib\src\stm32f10x_usart.c 0x00000000   Number         0  stm32f10x_usart.o ABSOLUTE
    ..\SYSTEM\delay\delay.c                  0x00000000   Number         0  delay.o ABSOLUTE
    ..\SYSTEM\sys\sys.c                      0x00000000   Number         0  sys.o ABSOLUTE
    ..\SYSTEM\usart\usart.c                  0x00000000   Number         0  usart.o ABSOLUTE
    ..\\CORE\\core_cm3.c                     0x00000000   Number         0  core_cm3.o ABSOLUTE
    ..\\SYSTEM\\sys\\sys.c                   0x00000000   Number         0  sys.o ABSOLUTE
    cdrcmple.s                               0x00000000   Number         0  cdrcmple.o ABSOLUTE
    dc.s                                     0x00000000   Number         0  dc.o ABSOLUTE
    handlers.s                               0x00000000   Number         0  handlers.o ABSOLUTE
    init.s                                   0x00000000   Number         0  init.o ABSOLUTE
    main.c                                   0x00000000   Number         0  main.o ABSOLUTE
    stm32f10x_it.c                           0x00000000   Number         0  stm32f10x_it.o ABSOLUTE
    system_stm32f10x.c                       0x00000000   Number         0  system_stm32f10x.o ABSOLUTE
    RESET                                    0x08000000   Section      236  startup_stm32f10x_md.o(RESET)
    .ARM.Collect$$$$00000000                 0x080000ec   Section        0  entry.o(.ARM.Collect$$$$00000000)
    .ARM.Collect$$$$00000001                 0x080000ec   Section        4  entry2.o(.ARM.Collect$$$$00000001)
    .ARM.Collect$$$$00000004                 0x080000f0   Section        4  entry5.o(.ARM.Collect$$$$00000004)
    .ARM.Collect$$$$00000008                 0x080000f4   Section        0  entry7b.o(.ARM.Collect$$$$00000008)
    .ARM.Collect$$$$0000000A                 0x080000f4   Section        0  entry8b.o(.ARM.Collect$$$$0000000A)
    .ARM.Collect$$$$0000000B                 0x080000f4   Section        8  entry9a.o(.ARM.Collect$$$$0000000B)
    .ARM.Collect$$$$0000000D                 0x080000fc   Section        0  entry10a.o(.ARM.Collect$$$$0000000D)
    .ARM.Collect$$$$0000000F                 0x080000fc   Section        0  entry11a.o(.ARM.Collect$$$$0000000F)
    .ARM.Collect$$$$00002712                 0x080000fc   Section        4  entry2.o(.ARM.Collect$$$$00002712)
    __lit__00000000                          0x080000fc   Data           4  entry2.o(.ARM.Collect$$$$00002712)
    .text                                    0x08000100   Section        0  main.o(.text)
    .text                                    0x08000240   Section        0  uart2.o(.text)
    .text                                    0x080004f8   Section        0  uart3.o(.text)
    .text                                    0x08000724   Section        0  wifi.o(.text)
    .text                                    0x08000c70   Section        0  gpio.o(.text)
    .text                                    0x08000d3c   Section        0  delay.o(.text)
    .text                                    0x08000e10   Section        0  usart.o(.text)
    .text                                    0x08001020   Section        0  rc522.o(.text)
    .text                                    0x08001b50   Section        0  system_stm32f10x.o(.text)
    SetSysClockTo72                          0x08001b51   Thumb Code   214  system_stm32f10x.o(.text)
    SetSysClock                              0x08001c27   Thumb Code     8  system_stm32f10x.o(.text)
    .text                                    0x08001d30   Section        0  stm32f10x_it.o(.text)
    .text                                    0x08001d4c   Section       36  startup_stm32f10x_md.o(.text)
    .text                                    0x08001d70   Section        0  misc.o(.text)
    .text                                    0x08001e4c   Section        0  stm32f10x_gpio.o(.text)
    .text                                    0x080021a8   Section        0  stm32f10x_rcc.o(.text)
    .text                                    0x0800254c   Section        0  stm32f10x_usart.o(.text)
    .text                                    0x08002954   Section        0  stm32f10x_tim.o(.text)
    TI4_Config                               0x08002dfb   Thumb Code   130  stm32f10x_tim.o(.text)
    TI3_Config                               0x08002e8f   Thumb Code   122  stm32f10x_tim.o(.text)
    TI2_Config                               0x08002f23   Thumb Code   130  stm32f10x_tim.o(.text)
    TI1_Config                               0x08002fb7   Thumb Code   108  stm32f10x_tim.o(.text)
    .text                                    0x0800376e   Section        0  memcpya.o(.text)
    .text                                    0x08003792   Section        0  memseta.o(.text)
    .text                                    0x080037b6   Section        0  strstr.o(.text)
    .text                                    0x080037da   Section        0  strlen.o(.text)
    .text                                    0x080037e8   Section        0  dmul.o(.text)
    .text                                    0x080038cc   Section        0  uidiv.o(.text)
    .text                                    0x080038f8   Section        0  uldiv.o(.text)
    .text                                    0x0800395a   Section        0  llushr.o(.text)
    .text                                    0x0800397a   Section        0  iusefp.o(.text)
    .text                                    0x0800397a   Section        0  depilogue.o(.text)
    .text                                    0x08003a34   Section        0  dadd.o(.text)
    .text                                    0x08003b82   Section        0  ddiv.o(.text)
    .text                                    0x08003c60   Section        0  dfixul.o(.text)
    .text                                    0x08003c90   Section       48  cdrcmple.o(.text)
    .text                                    0x08003cc0   Section       36  init.o(.text)
    .text                                    0x08003ce4   Section        0  llshl.o(.text)
    .text                                    0x08003d02   Section        0  llsshr.o(.text)
    i.__0printf$3                            0x08003d28   Section        0  printf3.o(i.__0printf$3)
    i.__0sprintf$3                           0x08003d48   Section        0  printf3.o(i.__0sprintf$3)
    i.__0vsprintf                            0x08003d70   Section        0  printfa.o(i.__0vsprintf)
    i.__scatterload_copy                     0x08003d94   Section       14  handlers.o(i.__scatterload_copy)
    i.__scatterload_null                     0x08003da2   Section        2  handlers.o(i.__scatterload_null)
    i.__scatterload_zeroinit                 0x08003da4   Section       14  handlers.o(i.__scatterload_zeroinit)
    i._fp_digits                             0x08003db4   Section        0  printfa.o(i._fp_digits)
    _fp_digits                               0x08003db5   Thumb Code   366  printfa.o(i._fp_digits)
    i._printf_core                           0x08003f38   Section        0  printf3.o(i._printf_core)
    _printf_core                             0x08003f39   Thumb Code   436  printf3.o(i._printf_core)
    i._printf_core                           0x080040f0   Section        0  printfa.o(i._printf_core)
    _printf_core                             0x080040f1   Thumb Code  1744  printfa.o(i._printf_core)
    i._printf_post_padding                   0x080047cc   Section        0  printfa.o(i._printf_post_padding)
    _printf_post_padding                     0x080047cd   Thumb Code    36  printfa.o(i._printf_post_padding)
    i._printf_pre_padding                    0x080047f0   Section        0  printfa.o(i._printf_pre_padding)
    _printf_pre_padding                      0x080047f1   Thumb Code    46  printfa.o(i._printf_pre_padding)
    i._sputc                                 0x0800481e   Section        0  printf3.o(i._sputc)
    _sputc                                   0x0800481f   Thumb Code    10  printf3.o(i._sputc)
    i._sputc                                 0x08004828   Section        0  printfa.o(i._sputc)
    _sputc                                   0x08004829   Thumb Code    10  printfa.o(i._sputc)
    .data                                    0x20000000   Section        8  uart2.o(.data)
    times                                    0x20000004   Data           4  uart2.o(.data)
    .data                                    0x20000008   Section        8  uart3.o(.data)
    times                                    0x2000000c   Data           4  uart3.o(.data)
    .data                                    0x20000010   Section        4  delay.o(.data)
    fac_us                                   0x20000010   Data           1  delay.o(.data)
    fac_ms                                   0x20000012   Data           2  delay.o(.data)
    .data                                    0x20000014   Section       12  usart.o(.data)
    times                                    0x2000001c   Data           4  usart.o(.data)
    .data                                    0x20000020   Section       62  rc522.o(.data)
    .data                                    0x20000060   Section       20  system_stm32f10x.o(.data)
    .data                                    0x20000074   Section       20  stm32f10x_rcc.o(.data)
    APBAHBPrescTable                         0x20000074   Data          16  stm32f10x_rcc.o(.data)
    ADCPrescTable                            0x20000084   Data           4  stm32f10x_rcc.o(.data)
    .bss                                     0x20000088   Section     2048  uart2.o(.bss)
    .bss                                     0x20000888   Section      400  uart3.o(.bss)
    USART3_TX_BUF                            0x20000950   Data         200  uart3.o(.bss)
    .bss                                     0x20000a18   Section      200  usart.o(.bss)
    .bss                                     0x20000ae0   Section       16  rc522.o(.bss)
    STACK                                    0x20000af0   Section     1024  startup_stm32f10x_md.o(STACK)

    Global Symbols

    Symbol Name                              Value     Ov Type        Size  Object(Section)

    BuildAttributes$$THM_ISAv4$P$D$K$B$S$PE$A:L22UL41UL21$X:L11$S22US41US21$IEEE1$IW$USESV6$~STKCKD$USESV7$~SHL$OTIME$ROPI$EBA8$MICROLIB$REQ8$PRES8$EABIv2 0x00000000   Number         0  anon$$obj.o ABSOLUTE
    __ARM_use_no_argv                        0x00000000   Number         0  main.o ABSOLUTE
    __use_no_errno                           0x00000000   Number         0  useno.o ABSOLUTE
    __use_no_exception_handling              0x00000000   Number         0  useno.o ABSOLUTE
    __use_no_fp                              0x00000000   Number         0  useno.o ABSOLUTE
    __use_no_heap                            0x00000000   Number         0  useno.o ABSOLUTE
    __use_no_heap_region                     0x00000000   Number         0  useno.o ABSOLUTE
    __use_no_semihosting                     0x00000000   Number         0  useno.o ABSOLUTE
    __use_no_semihosting_swi                 0x00000000   Number         0  useno.o ABSOLUTE
    __use_no_signal_handling                 0x00000000   Number         0  useno.o ABSOLUTE
    _printf_a                                0x00000000   Number         0  stubs.o ABSOLUTE
    _printf_c                                0x00000000   Number         0  stubs.o ABSOLUTE
    _printf_charcount                        0x00000000   Number         0  stubs.o ABSOLUTE
    _printf_d                                0x00000000   Number         0  stubs.o ABSOLUTE
    _printf_e                                0x00000000   Number         0  stubs.o ABSOLUTE
    _printf_f                                0x00000000   Number         0  stubs.o ABSOLUTE
    _printf_flags                            0x00000000   Number         0  stubs.o ABSOLUTE
    _printf_fp_dec                           0x00000000   Number         0  stubs.o ABSOLUTE
    _printf_fp_hex                           0x00000000   Number         0  stubs.o ABSOLUTE
    _printf_g                                0x00000000   Number         0  stubs.o ABSOLUTE
    _printf_i                                0x00000000   Number         0  stubs.o ABSOLUTE
    _printf_int_dec                          0x00000000   Number         0  stubs.o ABSOLUTE
    _printf_l                                0x00000000   Number         0  stubs.o ABSOLUTE
    _printf_lc                               0x00000000   Number         0  stubs.o ABSOLUTE
    _printf_ll                               0x00000000   Number         0  stubs.o ABSOLUTE
    _printf_lld                              0x00000000   Number         0  stubs.o ABSOLUTE
    _printf_lli                              0x00000000   Number         0  stubs.o ABSOLUTE
    _printf_llo                              0x00000000   Number         0  stubs.o ABSOLUTE
    _printf_llu                              0x00000000   Number         0  stubs.o ABSOLUTE
    _printf_llx                              0x00000000   Number         0  stubs.o ABSOLUTE
    _printf_longlong_dec                     0x00000000   Number         0  stubs.o ABSOLUTE
    _printf_longlong_hex                     0x00000000   Number         0  stubs.o ABSOLUTE
    _printf_longlong_oct                     0x00000000   Number         0  stubs.o ABSOLUTE
    _printf_ls                               0x00000000   Number         0  stubs.o ABSOLUTE
    _printf_mbtowc                           0x00000000   Number         0  stubs.o ABSOLUTE
    _printf_n                                0x00000000   Number         0  stubs.o ABSOLUTE
    _printf_o                                0x00000000   Number         0  stubs.o ABSOLUTE
    _printf_p                                0x00000000   Number         0  stubs.o ABSOLUTE
    _printf_percent                          0x00000000   Number         0  stubs.o ABSOLUTE
    _printf_pre_padding                      0x00000000   Number         0  stubs.o ABSOLUTE
    _printf_return_value                     0x00000000   Number         0  stubs.o ABSOLUTE
    _printf_s                                0x00000000   Number         0  stubs.o ABSOLUTE
    _printf_sizespec                         0x00000000   Number         0  stubs.o ABSOLUTE
    _printf_str                              0x00000000   Number         0  stubs.o ABSOLUTE
    _printf_truncate_signed                  0x00000000   Number         0  stubs.o ABSOLUTE
    _printf_truncate_unsigned                0x00000000   Number         0  stubs.o ABSOLUTE
    _printf_u                                0x00000000   Number         0  stubs.o ABSOLUTE
    _printf_wc                               0x00000000   Number         0  stubs.o ABSOLUTE
    _printf_wctomb                           0x00000000   Number         0  stubs.o ABSOLUTE
    _printf_widthprec                        0x00000000   Number         0  stubs.o ABSOLUTE
    _printf_x                                0x00000000   Number         0  stubs.o ABSOLUTE
    __cpp_initialize__aeabi_                  - Undefined Weak Reference
    __cxa_finalize                            - Undefined Weak Reference
    __decompress                              - Undefined Weak Reference
    _clock_init                               - Undefined Weak Reference
    _microlib_exit                            - Undefined Weak Reference
    __Vectors_Size                           0x000000ec   Number         0  startup_stm32f10x_md.o ABSOLUTE
    __Vectors                                0x08000000   Data           4  startup_stm32f10x_md.o(RESET)
    __Vectors_End                            0x080000ec   Data           0  startup_stm32f10x_md.o(RESET)
    __main                                   0x080000ed   Thumb Code     0  entry.o(.ARM.Collect$$$$00000000)
    _main_stk                                0x080000ed   Thumb Code     0  entry2.o(.ARM.Collect$$$$00000001)
    _main_scatterload                        0x080000f1   Thumb Code     0  entry5.o(.ARM.Collect$$$$00000004)
    __main_after_scatterload                 0x080000f5   Thumb Code     0  entry5.o(.ARM.Collect$$$$00000004)
    _main_clock                              0x080000f5   Thumb Code     0  entry7b.o(.ARM.Collect$$$$00000008)
    _main_cpp_init                           0x080000f5   Thumb Code     0  entry8b.o(.ARM.Collect$$$$0000000A)
    _main_init                               0x080000f5   Thumb Code     0  entry9a.o(.ARM.Collect$$$$0000000B)
    __rt_final_cpp                           0x080000fd   Thumb Code     0  entry10a.o(.ARM.Collect$$$$0000000D)
    __rt_final_exit                          0x080000fd   Thumb Code     0  entry11a.o(.ARM.Collect$$$$0000000F)
    init222                                  0x08000101   Thumb Code    58  main.o(.text)
    main                                     0x0800013b   Thumb Code   108  main.o(.text)
    USART2_IRQHandler                        0x08000241   Thumb Code    96  uart2.o(.text)
    TIM4_Int_Init                            0x080002a1   Thumb Code    90  uart2.o(.text)
    USART2_INIT                              0x080002fb   Thumb Code   186  uart2.o(.text)
    TIM4_IRQHandler                          0x080003b5   Thumb Code    42  uart2.o(.text)
    u2_printf                                0x080003df   Thumb Code    72  uart2.o(.text)
    uart2_test                               0x08000427   Thumb Code   108  uart2.o(.text)
    uart3_Init                               0x080004f9   Thumb Code   158  uart3.o(.text)
    USART3_IRQHandler                        0x08000597   Thumb Code   122  uart3.o(.text)
    u3_printf                                0x08000611   Thumb Code    72  uart3.o(.text)
    uart3_test                               0x08000659   Thumb Code   108  uart3.o(.text)
    esp8266_check_cmd                        0x08000725   Thumb Code    52  wifi.o(.text)
    esp8266_send_cmd                         0x08000759   Thumb Code   120  wifi.o(.text)
    esp8266_send_data                        0x080007d1   Thumb Code    98  wifi.o(.text)
    esp8266_quit_trans                       0x08000833   Thumb Code   100  wifi.o(.text)
    esp8266_consta_check                     0x08000897   Thumb Code    36  wifi.o(.text)
    esp8266_get_ip                           0x080008bb   Thumb Code    34  wifi.o(.text)
    ESP_INIT                                 0x080008dd   Thumb Code   244  wifi.o(.text)
    LED1_INIT                                0x08000c71   Thumb Code    50  gpio.o(.text)
    LED2_INIT                                0x08000ca3   Thumb Code    50  gpio.o(.text)
    FAN_INIT                                 0x08000cd5   Thumb Code    50  gpio.o(.text)
    BUZZER_INIT                              0x08000d07   Thumb Code    46  gpio.o(.text)
    DELAY_INIT                               0x08000d3d   Thumb Code    50  delay.o(.text)
    delay_us                                 0x08000d6f   Thumb Code    72  delay.o(.text)
    delay_ms                                 0x08000db7   Thumb Code    72  delay.o(.text)
    _sys_exit                                0x08000e11   Thumb Code     6  usart.o(.text)
    fputc                                    0x08000e17   Thumb Code    24  usart.o(.text)
    USART1_INIT                              0x08000e2f   Thumb Code   152  usart.o(.text)
    USART1_IRQHandler                        0x08000ec7   Thumb Code   122  usart.o(.text)
    uart1_test                               0x08000f41   Thumb Code   108  usart.o(.text)
    USART1_Put_Char                          0x08000fad   Thumb Code    28  usart.o(.text)
    SPI_RC522_SendByte                       0x08001021   Thumb Code    80  rc522.o(.text)
    WriteRawRC                               0x08001071   Thumb Code    42  rc522.o(.text)
    SPI_RC522_ReadByte                       0x0800109b   Thumb Code    72  rc522.o(.text)
    ReadRawRC                                0x080010e3   Thumb Code    46  rc522.o(.text)
    SetBitMask                               0x08001111   Thumb Code    26  rc522.o(.text)
    ClearBitMask                             0x0800112b   Thumb Code    26  rc522.o(.text)
    PcdComMF522                              0x08001145   Thumb Code   306  rc522.o(.text)
    CalulateCRC                              0x08001277   Thumb Code   108  rc522.o(.text)
    PcdRead                                  0x080012e3   Thumb Code    84  rc522.o(.text)
    PcdAuthState                             0x08001337   Thumb Code   110  rc522.o(.text)
    PcdSelect                                0x080013a5   Thumb Code   120  rc522.o(.text)
    ShowID                                   0x0800141d   Thumb Code   224  rc522.o(.text)
    PcdAnticoll                              0x080014fd   Thumb Code   112  rc522.o(.text)
    PcdRequest                               0x0800156d   Thumb Code    84  rc522.o(.text)
    RC522_Handel                             0x080015c1   Thumb Code   442  rc522.o(.text)
    PcdAntennaOn                             0x0800177b   Thumb Code    26  rc522.o(.text)
    M500PcdConfigISOType                     0x08001795   Thumb Code    84  rc522.o(.text)
    PcdReset                                 0x080017e9   Thumb Code   124  rc522.o(.text)
    SPI1_Init                                0x08001865   Thumb Code   416  rc522.o(.text)
    RC522_Init                               0x08001a05   Thumb Code    34  rc522.o(.text)
    PcdAntennaOff                            0x08001a27   Thumb Code    12  rc522.o(.text)
    PcdWrite                                 0x08001a33   Thumb Code   156  rc522.o(.text)
    PcdHalt                                  0x08001acf   Thumb Code    50  rc522.o(.text)
    IC_CMT                                   0x08001b01   Thumb Code    72  rc522.o(.text)
    SystemInit                               0x08001c2f   Thumb Code    78  system_stm32f10x.o(.text)
    SystemCoreClockUpdate                    0x08001c7d   Thumb Code   142  system_stm32f10x.o(.text)
    NMI_Handler                              0x08001d31   Thumb Code     2  stm32f10x_it.o(.text)
    HardFault_Handler                        0x08001d33   Thumb Code     4  stm32f10x_it.o(.text)
    MemManage_Handler                        0x08001d37   Thumb Code     4  stm32f10x_it.o(.text)
    BusFault_Handler                         0x08001d3b   Thumb Code     4  stm32f10x_it.o(.text)
    UsageFault_Handler                       0x08001d3f   Thumb Code     4  stm32f10x_it.o(.text)
    SVC_Handler                              0x08001d43   Thumb Code     2  stm32f10x_it.o(.text)
    DebugMon_Handler                         0x08001d45   Thumb Code     2  stm32f10x_it.o(.text)
    PendSV_Handler                           0x08001d47   Thumb Code     2  stm32f10x_it.o(.text)
    SysTick_Handler                          0x08001d49   Thumb Code     2  stm32f10x_it.o(.text)
    Reset_Handler                            0x08001d4d   Thumb Code     8  startup_stm32f10x_md.o(.text)
    ADC1_2_IRQHandler                        0x08001d67   Thumb Code     0  startup_stm32f10x_md.o(.text)
    CAN1_RX1_IRQHandler                      0x08001d67   Thumb Code     0  startup_stm32f10x_md.o(.text)
    CAN1_SCE_IRQHandler                      0x08001d67   Thumb Code     0  startup_stm32f10x_md.o(.text)
    DMA1_Channel1_IRQHandler                 0x08001d67   Thumb Code     0  startup_stm32f10x_md.o(.text)
    DMA1_Channel2_IRQHandler                 0x08001d67   Thumb Code     0  startup_stm32f10x_md.o(.text)
    DMA1_Channel3_IRQHandler                 0x08001d67   Thumb Code     0  startup_stm32f10x_md.o(.text)
    DMA1_Channel4_IRQHandler                 0x08001d67   Thumb Code     0  startup_stm32f10x_md.o(.text)
    DMA1_Channel5_IRQHandler                 0x08001d67   Thumb Code     0  startup_stm32f10x_md.o(.text)
    DMA1_Channel6_IRQHandler                 0x08001d67   Thumb Code     0  startup_stm32f10x_md.o(.text)
    DMA1_Channel7_IRQHandler                 0x08001d67   Thumb Code     0  startup_stm32f10x_md.o(.text)
    EXTI0_IRQHandler                         0x08001d67   Thumb Code     0  startup_stm32f10x_md.o(.text)
    EXTI15_10_IRQHandler                     0x08001d67   Thumb Code     0  startup_stm32f10x_md.o(.text)
    EXTI1_IRQHandler                         0x08001d67   Thumb Code     0  startup_stm32f10x_md.o(.text)
    EXTI2_IRQHandler                         0x08001d67   Thumb Code     0  startup_stm32f10x_md.o(.text)
    EXTI3_IRQHandler                         0x08001d67   Thumb Code     0  startup_stm32f10x_md.o(.text)
    EXTI4_IRQHandler                         0x08001d67   Thumb Code     0  startup_stm32f10x_md.o(.text)
    EXTI9_5_IRQHandler                       0x08001d67   Thumb Code     0  startup_stm32f10x_md.o(.text)
    FLASH_IRQHandler                         0x08001d67   Thumb Code     0  startup_stm32f10x_md.o(.text)
    I2C1_ER_IRQHandler                       0x08001d67   Thumb Code     0  startup_stm32f10x_md.o(.text)
    I2C1_EV_IRQHandler                       0x08001d67   Thumb Code     0  startup_stm32f10x_md.o(.text)
    I2C2_ER_IRQHandler                       0x08001d67   Thumb Code     0  startup_stm32f10x_md.o(.text)
    I2C2_EV_IRQHandler                       0x08001d67   Thumb Code     0  startup_stm32f10x_md.o(.text)
    PVD_IRQHandler                           0x08001d67   Thumb Code     0  startup_stm32f10x_md.o(.text)
    RCC_IRQHandler                           0x08001d67   Thumb Code     0  startup_stm32f10x_md.o(.text)
    RTCAlarm_IRQHandler                      0x08001d67   Thumb Code     0  startup_stm32f10x_md.o(.text)
    RTC_IRQHandler                           0x08001d67   Thumb Code     0  startup_stm32f10x_md.o(.text)
    SPI1_IRQHandler                          0x08001d67   Thumb Code     0  startup_stm32f10x_md.o(.text)
    SPI2_IRQHandler                          0x08001d67   Thumb Code     0  startup_stm32f10x_md.o(.text)
    TAMPER_IRQHandler                        0x08001d67   Thumb Code     0  startup_stm32f10x_md.o(.text)
    TIM1_BRK_IRQHandler                      0x08001d67   Thumb Code     0  startup_stm32f10x_md.o(.text)
    TIM1_CC_IRQHandler                       0x08001d67   Thumb Code     0  startup_stm32f10x_md.o(.text)
    TIM1_TRG_COM_IRQHandler                  0x08001d67   Thumb Code     0  startup_stm32f10x_md.o(.text)
    TIM1_UP_IRQHandler                       0x08001d67   Thumb Code     0  startup_stm32f10x_md.o(.text)
    TIM2_IRQHandler                          0x08001d67   Thumb Code     0  startup_stm32f10x_md.o(.text)
    TIM3_IRQHandler                          0x08001d67   Thumb Code     0  startup_stm32f10x_md.o(.text)
    USBWakeUp_IRQHandler                     0x08001d67   Thumb Code     0  startup_stm32f10x_md.o(.text)
    USB_HP_CAN1_TX_IRQHandler                0x08001d67   Thumb Code     0  startup_stm32f10x_md.o(.text)
    USB_LP_CAN1_RX0_IRQHandler               0x08001d67   Thumb Code     0  startup_stm32f10x_md.o(.text)
    WWDG_IRQHandler                          0x08001d67   Thumb Code     0  startup_stm32f10x_md.o(.text)
    NVIC_PriorityGroupConfig                 0x08001d71   Thumb Code    10  misc.o(.text)
    NVIC_Init                                0x08001d7b   Thumb Code   100  misc.o(.text)
    NVIC_SetVectorTable                      0x08001ddf   Thumb Code    14  misc.o(.text)
    NVIC_SystemLPConfig                      0x08001ded   Thumb Code    34  misc.o(.text)
    SysTick_CLKSourceConfig                  0x08001e0f   Thumb Code    40  misc.o(.text)
    GPIO_DeInit                              0x08001e4d   Thumb Code   172  stm32f10x_gpio.o(.text)
    GPIO_AFIODeInit                          0x08001ef9   Thumb Code    20  stm32f10x_gpio.o(.text)
    GPIO_Init                                0x08001f0d   Thumb Code   278  stm32f10x_gpio.o(.text)
    GPIO_StructInit                          0x08002023   Thumb Code    16  stm32f10x_gpio.o(.text)
    GPIO_ReadInputDataBit                    0x08002033   Thumb Code    18  stm32f10x_gpio.o(.text)
    GPIO_ReadInputData                       0x08002045   Thumb Code     8  stm32f10x_gpio.o(.text)
    GPIO_ReadOutputDataBit                   0x0800204d   Thumb Code    18  stm32f10x_gpio.o(.text)
    GPIO_ReadOutputData                      0x0800205f   Thumb Code     8  stm32f10x_gpio.o(.text)
    GPIO_SetBits                             0x08002067   Thumb Code     4  stm32f10x_gpio.o(.text)
    GPIO_ResetBits                           0x0800206b   Thumb Code     4  stm32f10x_gpio.o(.text)
    GPIO_WriteBit                            0x0800206f   Thumb Code    10  stm32f10x_gpio.o(.text)
    GPIO_Write                               0x08002079   Thumb Code     4  stm32f10x_gpio.o(.text)
    GPIO_PinLockConfig                       0x0800207d   Thumb Code    18  stm32f10x_gpio.o(.text)
    GPIO_EventOutputConfig                   0x0800208f   Thumb Code    26  stm32f10x_gpio.o(.text)
    GPIO_EventOutputCmd                      0x080020a9   Thumb Code     6  stm32f10x_gpio.o(.text)
    GPIO_PinRemapConfig                      0x080020af   Thumb Code   138  stm32f10x_gpio.o(.text)
    GPIO_EXTILineConfig                      0x08002139   Thumb Code    66  stm32f10x_gpio.o(.text)
    GPIO_ETH_MediaInterfaceConfig            0x0800217b   Thumb Code     8  stm32f10x_gpio.o(.text)
    RCC_DeInit                               0x080021a9   Thumb Code    64  stm32f10x_rcc.o(.text)
    RCC_HSEConfig                            0x080021e9   Thumb Code    70  stm32f10x_rcc.o(.text)
    RCC_GetFlagStatus                        0x0800222f   Thumb Code    56  stm32f10x_rcc.o(.text)
    RCC_WaitForHSEStartUp                    0x08002267   Thumb Code    56  stm32f10x_rcc.o(.text)
    RCC_AdjustHSICalibrationValue            0x0800229f   Thumb Code    20  stm32f10x_rcc.o(.text)
    RCC_HSICmd                               0x080022b3   Thumb Code     6  stm32f10x_rcc.o(.text)
    RCC_PLLConfig                            0x080022b9   Thumb Code    24  stm32f10x_rcc.o(.text)
    RCC_PLLCmd                               0x080022d1   Thumb Code     6  stm32f10x_rcc.o(.text)
    RCC_SYSCLKConfig                         0x080022d7   Thumb Code    18  stm32f10x_rcc.o(.text)
    RCC_GetSYSCLKSource                      0x080022e9   Thumb Code    10  stm32f10x_rcc.o(.text)
    RCC_HCLKConfig                           0x080022f3   Thumb Code    18  stm32f10x_rcc.o(.text)
    RCC_PCLK1Config                          0x08002305   Thumb Code    18  stm32f10x_rcc.o(.text)
    RCC_PCLK2Config                          0x08002317   Thumb Code    20  stm32f10x_rcc.o(.text)
    RCC_ITConfig                             0x0800232b   Thumb Code    26  stm32f10x_rcc.o(.text)
    RCC_USBCLKConfig                         0x08002345   Thumb Code     8  stm32f10x_rcc.o(.text)
    RCC_ADCCLKConfig                         0x0800234d   Thumb Code    18  stm32f10x_rcc.o(.text)
    RCC_LSEConfig                            0x0800235f   Thumb Code    50  stm32f10x_rcc.o(.text)
    RCC_LSICmd                               0x08002391   Thumb Code     6  stm32f10x_rcc.o(.text)
    RCC_RTCCLKConfig                         0x08002397   Thumb Code    12  stm32f10x_rcc.o(.text)
    RCC_RTCCLKCmd                            0x080023a3   Thumb Code     8  stm32f10x_rcc.o(.text)
    RCC_GetClocksFreq                        0x080023ab   Thumb Code   192  stm32f10x_rcc.o(.text)
    RCC_AHBPeriphClockCmd                    0x0800246b   Thumb Code    26  stm32f10x_rcc.o(.text)
    RCC_APB2PeriphClockCmd                   0x08002485   Thumb Code    26  stm32f10x_rcc.o(.text)
    RCC_APB1PeriphClockCmd                   0x0800249f   Thumb Code    26  stm32f10x_rcc.o(.text)
    RCC_APB2PeriphResetCmd                   0x080024b9   Thumb Code    26  stm32f10x_rcc.o(.text)
    RCC_APB1PeriphResetCmd                   0x080024d3   Thumb Code    26  stm32f10x_rcc.o(.text)
    RCC_BackupResetCmd                       0x080024ed   Thumb Code     8  stm32f10x_rcc.o(.text)
    RCC_ClockSecuritySystemCmd               0x080024f5   Thumb Code     6  stm32f10x_rcc.o(.text)
    RCC_MCOConfig                            0x080024fb   Thumb Code     6  stm32f10x_rcc.o(.text)
    RCC_ClearFlag                            0x08002501   Thumb Code    14  stm32f10x_rcc.o(.text)
    RCC_GetITStatus                          0x0800250f   Thumb Code    20  stm32f10x_rcc.o(.text)
    RCC_ClearITPendingBit                    0x08002523   Thumb Code     6  stm32f10x_rcc.o(.text)
    USART_DeInit                             0x0800254d   Thumb Code   134  stm32f10x_usart.o(.text)
    USART_Init                               0x080025d3   Thumb Code   210  stm32f10x_usart.o(.text)
    USART_StructInit                         0x080026a5   Thumb Code    24  stm32f10x_usart.o(.text)
    USART_ClockInit                          0x080026bd   Thumb Code    34  stm32f10x_usart.o(.text)
    USART_ClockStructInit                    0x080026df   Thumb Code    12  stm32f10x_usart.o(.text)
    USART_Cmd                                0x080026eb   Thumb Code    24  stm32f10x_usart.o(.text)
    USART_ITConfig                           0x08002703   Thumb Code    74  stm32f10x_usart.o(.text)
    USART_DMACmd                             0x0800274d   Thumb Code    18  stm32f10x_usart.o(.text)
    USART_SetAddress                         0x0800275f   Thumb Code    18  stm32f10x_usart.o(.text)
    USART_WakeUpConfig                       0x08002771   Thumb Code    18  stm32f10x_usart.o(.text)
    USART_ReceiverWakeUpCmd                  0x08002783   Thumb Code    24  stm32f10x_usart.o(.text)
    USART_LINBreakDetectLengthConfig         0x0800279b   Thumb Code    18  stm32f10x_usart.o(.text)
    USART_LINCmd                             0x080027ad   Thumb Code    24  stm32f10x_usart.o(.text)
    USART_SendData                           0x080027c5   Thumb Code     8  stm32f10x_usart.o(.text)
    USART_ReceiveData                        0x080027cd   Thumb Code    10  stm32f10x_usart.o(.text)
    USART_SendBreak                          0x080027d7   Thumb Code    10  stm32f10x_usart.o(.text)
    USART_SetGuardTime                       0x080027e1   Thumb Code    16  stm32f10x_usart.o(.text)
    USART_SetPrescaler                       0x080027f1   Thumb Code    16  stm32f10x_usart.o(.text)
    USART_SmartCardCmd                       0x08002801   Thumb Code    24  stm32f10x_usart.o(.text)
    USART_SmartCardNACKCmd                   0x08002819   Thumb Code    24  stm32f10x_usart.o(.text)
    USART_HalfDuplexCmd                      0x08002831   Thumb Code    24  stm32f10x_usart.o(.text)
    USART_OverSampling8Cmd                   0x08002849   Thumb Code    22  stm32f10x_usart.o(.text)
    USART_OneBitMethodCmd                    0x0800285f   Thumb Code    24  stm32f10x_usart.o(.text)
    USART_IrDAConfig                         0x08002877   Thumb Code    18  stm32f10x_usart.o(.text)
    USART_IrDACmd                            0x08002889   Thumb Code    24  stm32f10x_usart.o(.text)
    USART_GetFlagStatus                      0x080028a1   Thumb Code    26  stm32f10x_usart.o(.text)
    USART_ClearFlag                          0x080028bb   Thumb Code    18  stm32f10x_usart.o(.text)
    USART_GetITStatus                        0x080028cd   Thumb Code    84  stm32f10x_usart.o(.text)
    USART_ClearITPendingBit                  0x08002921   Thumb Code    52  stm32f10x_usart.o(.text)
    TIM_DeInit                               0x08002955   Thumb Code   424  stm32f10x_tim.o(.text)
    TIM_TimeBaseInit                         0x08002afd   Thumb Code   122  stm32f10x_tim.o(.text)
    TIM_OC1Init                              0x08002b77   Thumb Code   132  stm32f10x_tim.o(.text)
    TIM_OC2Init                              0x08002bfb   Thumb Code   154  stm32f10x_tim.o(.text)
    TIM_OC3Init                              0x08002c95   Thumb Code   150  stm32f10x_tim.o(.text)
    TIM_OC4Init                              0x08002d2b   Thumb Code   182  stm32f10x_tim.o(.text)
    TIM_SetIC4Prescaler                      0x08002de1   Thumb Code    26  stm32f10x_tim.o(.text)
    TIM_SetIC3Prescaler                      0x08002e7d   Thumb Code    18  stm32f10x_tim.o(.text)
    TIM_SetIC2Prescaler                      0x08002f09   Thumb Code    26  stm32f10x_tim.o(.text)
    TIM_SetIC1Prescaler                      0x08002fa5   Thumb Code    18  stm32f10x_tim.o(.text)
    TIM_ICInit                               0x08003023   Thumb Code   150  stm32f10x_tim.o(.text)
    TIM_PWMIConfig                           0x080030b9   Thumb Code   124  stm32f10x_tim.o(.text)
    TIM_BDTRConfig                           0x08003135   Thumb Code    32  stm32f10x_tim.o(.text)
    TIM_TimeBaseStructInit                   0x08003155   Thumb Code    18  stm32f10x_tim.o(.text)
    TIM_OCStructInit                         0x08003167   Thumb Code    20  stm32f10x_tim.o(.text)
    TIM_ICStructInit                         0x0800317b   Thumb Code    18  stm32f10x_tim.o(.text)
    TIM_BDTRStructInit                       0x0800318d   Thumb Code    40  stm32f10x_tim.o(.text)
    TIM_Cmd                                  0x080031b5   Thumb Code    24  stm32f10x_tim.o(.text)
    TIM_CtrlPWMOutputs                       0x080031cd   Thumb Code    30  stm32f10x_tim.o(.text)
    TIM_ITConfig                             0x080031eb   Thumb Code    18  stm32f10x_tim.o(.text)
    TIM_GenerateEvent                        0x080031fd   Thumb Code     4  stm32f10x_tim.o(.text)
    TIM_DMAConfig                            0x08003201   Thumb Code    10  stm32f10x_tim.o(.text)
    TIM_DMACmd                               0x0800320b   Thumb Code    18  stm32f10x_tim.o(.text)
    TIM_InternalClockConfig                  0x0800321d   Thumb Code    12  stm32f10x_tim.o(.text)
    TIM_SelectInputTrigger                   0x08003229   Thumb Code    18  stm32f10x_tim.o(.text)
    TIM_ITRxExternalClockConfig              0x0800323b   Thumb Code    24  stm32f10x_tim.o(.text)
    TIM_TIxExternalClockConfig               0x08003253   Thumb Code    62  stm32f10x_tim.o(.text)
    TIM_ETRConfig                            0x08003291   Thumb Code    28  stm32f10x_tim.o(.text)
    TIM_ETRClockMode1Config                  0x080032ad   Thumb Code    54  stm32f10x_tim.o(.text)
    TIM_ETRClockMode2Config                  0x080032e3   Thumb Code    32  stm32f10x_tim.o(.text)
    TIM_PrescalerConfig                      0x08003303   Thumb Code     6  stm32f10x_tim.o(.text)
    TIM_CounterModeConfig                    0x08003309   Thumb Code    18  stm32f10x_tim.o(.text)
    TIM_EncoderInterfaceConfig               0x0800331b   Thumb Code    66  stm32f10x_tim.o(.text)
    TIM_ForcedOC1Config                      0x0800335d   Thumb Code    18  stm32f10x_tim.o(.text)
    TIM_ForcedOC2Config                      0x0800336f   Thumb Code    26  stm32f10x_tim.o(.text)
    TIM_ForcedOC3Config                      0x08003389   Thumb Code    18  stm32f10x_tim.o(.text)
    TIM_ForcedOC4Config                      0x0800339b   Thumb Code    26  stm32f10x_tim.o(.text)
    TIM_ARRPreloadConfig                     0x080033b5   Thumb Code    24  stm32f10x_tim.o(.text)
    TIM_SelectCOM                            0x080033cd   Thumb Code    24  stm32f10x_tim.o(.text)
    TIM_SelectCCDMA                          0x080033e5   Thumb Code    24  stm32f10x_tim.o(.text)
    TIM_CCPreloadControl                     0x080033fd   Thumb Code    24  stm32f10x_tim.o(.text)
    TIM_OC1PreloadConfig                     0x08003415   Thumb Code    18  stm32f10x_tim.o(.text)
    TIM_OC2PreloadConfig                     0x08003427   Thumb Code    26  stm32f10x_tim.o(.text)
    TIM_OC3PreloadConfig                     0x08003441   Thumb Code    18  stm32f10x_tim.o(.text)
    TIM_OC4PreloadConfig                     0x08003453   Thumb Code    26  stm32f10x_tim.o(.text)
    TIM_OC1FastConfig                        0x0800346d   Thumb Code    18  stm32f10x_tim.o(.text)
    TIM_OC2FastConfig                        0x0800347f   Thumb Code    26  stm32f10x_tim.o(.text)
    TIM_OC3FastConfig                        0x08003499   Thumb Code    18  stm32f10x_tim.o(.text)
    TIM_OC4FastConfig                        0x080034ab   Thumb Code    26  stm32f10x_tim.o(.text)
    TIM_ClearOC1Ref                          0x080034c5   Thumb Code    18  stm32f10x_tim.o(.text)
    TIM_ClearOC2Ref                          0x080034d7   Thumb Code    24  stm32f10x_tim.o(.text)
    TIM_ClearOC3Ref                          0x080034ef   Thumb Code    18  stm32f10x_tim.o(.text)
    TIM_ClearOC4Ref                          0x08003501   Thumb Code    24  stm32f10x_tim.o(.text)
    TIM_OC1PolarityConfig                    0x08003519   Thumb Code    18  stm32f10x_tim.o(.text)
    TIM_OC1NPolarityConfig                   0x0800352b   Thumb Code    18  stm32f10x_tim.o(.text)
    TIM_OC2PolarityConfig                    0x0800353d   Thumb Code    26  stm32f10x_tim.o(.text)
    TIM_OC2NPolarityConfig                   0x08003557   Thumb Code    26  stm32f10x_tim.o(.text)
    TIM_OC3PolarityConfig                    0x08003571   Thumb Code    26  stm32f10x_tim.o(.text)
    TIM_OC3NPolarityConfig                   0x0800358b   Thumb Code    26  stm32f10x_tim.o(.text)
    TIM_OC4PolarityConfig                    0x080035a5   Thumb Code    26  stm32f10x_tim.o(.text)
    TIM_CCxCmd                               0x080035bf   Thumb Code    30  stm32f10x_tim.o(.text)
    TIM_CCxNCmd                              0x080035dd   Thumb Code    30  stm32f10x_tim.o(.text)
    TIM_SelectOCxM                           0x080035fb   Thumb Code    82  stm32f10x_tim.o(.text)
    TIM_UpdateDisableConfig                  0x0800364d   Thumb Code    24  stm32f10x_tim.o(.text)
    TIM_UpdateRequestConfig                  0x08003665   Thumb Code    24  stm32f10x_tim.o(.text)
    TIM_SelectHallSensor                     0x0800367d   Thumb Code    24  stm32f10x_tim.o(.text)
    TIM_SelectOnePulseMode                   0x08003695   Thumb Code    18  stm32f10x_tim.o(.text)
    TIM_SelectOutputTrigger                  0x080036a7   Thumb Code    18  stm32f10x_tim.o(.text)
    TIM_SelectSlaveMode                      0x080036b9   Thumb Code    18  stm32f10x_tim.o(.text)
    TIM_SelectMasterSlaveMode                0x080036cb   Thumb Code    18  stm32f10x_tim.o(.text)
    TIM_SetCounter                           0x080036dd   Thumb Code     4  stm32f10x_tim.o(.text)
    TIM_SetAutoreload                        0x080036e1   Thumb Code     4  stm32f10x_tim.o(.text)
    TIM_SetCompare1                          0x080036e5   Thumb Code     4  stm32f10x_tim.o(.text)
    TIM_SetCompare2                          0x080036e9   Thumb Code     4  stm32f10x_tim.o(.text)
    TIM_SetCompare3                          0x080036ed   Thumb Code     4  stm32f10x_tim.o(.text)
    TIM_SetCompare4                          0x080036f1   Thumb Code     6  stm32f10x_tim.o(.text)
    TIM_SetClockDivision                     0x080036f7   Thumb Code    18  stm32f10x_tim.o(.text)
    TIM_GetCapture1                          0x08003709   Thumb Code     6  stm32f10x_tim.o(.text)
    TIM_GetCapture2                          0x0800370f   Thumb Code     6  stm32f10x_tim.o(.text)
    TIM_GetCapture3                          0x08003715   Thumb Code     6  stm32f10x_tim.o(.text)
    TIM_GetCapture4                          0x0800371b   Thumb Code     8  stm32f10x_tim.o(.text)
    TIM_GetCounter                           0x08003723   Thumb Code     6  stm32f10x_tim.o(.text)
    TIM_GetPrescaler                         0x08003729   Thumb Code     6  stm32f10x_tim.o(.text)
    TIM_GetFlagStatus                        0x0800372f   Thumb Code    18  stm32f10x_tim.o(.text)
    TIM_ClearFlag                            0x08003741   Thumb Code     6  stm32f10x_tim.o(.text)
    TIM_GetITStatus                          0x08003747   Thumb Code    34  stm32f10x_tim.o(.text)
    TIM_ClearITPendingBit                    0x08003769   Thumb Code     6  stm32f10x_tim.o(.text)
    __aeabi_memcpy                           0x0800376f   Thumb Code    36  memcpya.o(.text)
    __aeabi_memcpy4                          0x0800376f   Thumb Code     0  memcpya.o(.text)
    __aeabi_memcpy8                          0x0800376f   Thumb Code     0  memcpya.o(.text)
    __aeabi_memset                           0x08003793   Thumb Code    14  memseta.o(.text)
    __aeabi_memset4                          0x08003793   Thumb Code     0  memseta.o(.text)
    __aeabi_memset8                          0x08003793   Thumb Code     0  memseta.o(.text)
    __aeabi_memclr                           0x080037a1   Thumb Code     4  memseta.o(.text)
    __aeabi_memclr4                          0x080037a1   Thumb Code     0  memseta.o(.text)
    __aeabi_memclr8                          0x080037a1   Thumb Code     0  memseta.o(.text)
    _memset$wrapper                          0x080037a5   Thumb Code    18  memseta.o(.text)
    strstr                                   0x080037b7   Thumb Code    36  strstr.o(.text)
    strlen                                   0x080037db   Thumb Code    14  strlen.o(.text)
    __aeabi_dmul                             0x080037e9   Thumb Code   228  dmul.o(.text)
    __aeabi_uidiv                            0x080038cd   Thumb Code     0  uidiv.o(.text)
    __aeabi_uidivmod                         0x080038cd   Thumb Code    44  uidiv.o(.text)
    __aeabi_uldivmod                         0x080038f9   Thumb Code    98  uldiv.o(.text)
    __aeabi_llsr                             0x0800395b   Thumb Code    32  llushr.o(.text)
    _ll_ushift_r                             0x0800395b   Thumb Code     0  llushr.o(.text)
    __I$use$fp                               0x0800397b   Thumb Code     0  iusefp.o(.text)
    _double_round                            0x0800397b   Thumb Code    30  depilogue.o(.text)
    _double_epilogue                         0x08003999   Thumb Code   156  depilogue.o(.text)
    __aeabi_dadd                             0x08003a35   Thumb Code   322  dadd.o(.text)
    __aeabi_dsub                             0x08003b77   Thumb Code     6  dadd.o(.text)
    __aeabi_drsub                            0x08003b7d   Thumb Code     6  dadd.o(.text)
    __aeabi_ddiv                             0x08003b83   Thumb Code   222  ddiv.o(.text)
    __aeabi_d2ulz                            0x08003c61   Thumb Code    48  dfixul.o(.text)
    __aeabi_cdrcmple                         0x08003c91   Thumb Code    48  cdrcmple.o(.text)
    __scatterload                            0x08003cc1   Thumb Code    28  init.o(.text)
    __scatterload_rt2                        0x08003cc1   Thumb Code     0  init.o(.text)
    __aeabi_llsl                             0x08003ce5   Thumb Code    30  llshl.o(.text)
    _ll_shift_l                              0x08003ce5   Thumb Code     0  llshl.o(.text)
    __aeabi_lasr                             0x08003d03   Thumb Code    36  llsshr.o(.text)
    _ll_sshift_r                             0x08003d03   Thumb Code     0  llsshr.o(.text)
    __0printf$3                              0x08003d29   Thumb Code    22  printf3.o(i.__0printf$3)
    __1printf$3                              0x08003d29   Thumb Code     0  printf3.o(i.__0printf$3)
    __2printf                                0x08003d29   Thumb Code     0  printf3.o(i.__0printf$3)
    __0sprintf$3                             0x08003d49   Thumb Code    34  printf3.o(i.__0sprintf$3)
    __1sprintf$3                             0x08003d49   Thumb Code     0  printf3.o(i.__0sprintf$3)
    __2sprintf                               0x08003d49   Thumb Code     0  printf3.o(i.__0sprintf$3)
    __0vsprintf                              0x08003d71   Thumb Code    30  printfa.o(i.__0vsprintf)
    __1vsprintf                              0x08003d71   Thumb Code     0  printfa.o(i.__0vsprintf)
    __2vsprintf                              0x08003d71   Thumb Code     0  printfa.o(i.__0vsprintf)
    __c89vsprintf                            0x08003d71   Thumb Code     0  printfa.o(i.__0vsprintf)
    vsprintf                                 0x08003d71   Thumb Code     0  printfa.o(i.__0vsprintf)
    __scatterload_copy                       0x08003d95   Thumb Code    14  handlers.o(i.__scatterload_copy)
    __scatterload_null                       0x08003da3   Thumb Code     2  handlers.o(i.__scatterload_null)
    __scatterload_zeroinit                   0x08003da5   Thumb Code    14  handlers.o(i.__scatterload_zeroinit)
    Region$$Table$$Base                      0x08004834   Number         0  anon$$obj.o(Region$$Table)
    Region$$Table$$Limit                     0x08004854   Number         0  anon$$obj.o(Region$$Table)
    USART2_RX_STA                            0x20000000   Data           2  uart2.o(.data)
    USART3_RX_STA                            0x20000008   Data           2  uart3.o(.data)
    __stdout                                 0x20000014   Data           4  usart.o(.data)
    USART_RX_STA                             0x20000018   Data           2  usart.o(.data)
    CT                                       0x20000020   Data           2  rc522.o(.data)
    SN                                       0x20000022   Data           4  rc522.o(.data)
    lxl_bit                                  0x20000026   Data           1  rc522.o(.data)
    card1_bit                                0x20000027   Data           1  rc522.o(.data)
    card2_bit                                0x20000028   Data           1  rc522.o(.data)
    card3_bit                                0x20000029   Data           1  rc522.o(.data)
    card4_bit                                0x2000002a   Data           1  rc522.o(.data)
    total                                    0x2000002b   Data           1  rc522.o(.data)
    lxl                                      0x2000002c   Data           4  rc522.o(.data)
    card_1                                   0x20000030   Data           4  rc522.o(.data)
    card_2                                   0x20000034   Data           4  rc522.o(.data)
    card_3                                   0x20000038   Data           4  rc522.o(.data)
    card_4                                   0x2000003c   Data           4  rc522.o(.data)
    KEY                                      0x20000040   Data           6  rc522.o(.data)
    AUDIO_OPEN                               0x20000046   Data           6  rc522.o(.data)
    RFID1                                    0x2000004c   Data          16  rc522.o(.data)
    status                                   0x2000005c   Data           1  rc522.o(.data)
    s                                        0x2000005d   Data           1  rc522.o(.data)
    SystemCoreClock                          0x20000060   Data           4  system_stm32f10x.o(.data)
    AHBPrescTable                            0x20000064   Data          16  system_stm32f10x.o(.data)
    USART2_TX_BUF                            0x20000088   Data        1024  uart2.o(.bss)
    USART2_RX_BUF                            0x20000488   Data        1024  uart2.o(.bss)
    USART3_RX_BUF                            0x20000888   Data         200  uart3.o(.bss)
    USART_RX_BUF                             0x20000a18   Data         200  usart.o(.bss)
    RFID                                     0x20000ae0   Data          16  rc522.o(.bss)
    __initial_sp                             0x20000ef0   Data           0  startup_stm32f10x_md.o(STACK)



==============================================================================

Memory Map of the image

  Image Entry point : 0x080000ed

  Load Region LR_IROM1 (Base: 0x08000000, Size: 0x000048dc, Max: 0x00010000, ABSOLUTE)

    Execution Region ER_IROM1 (Exec base: 0x08000000, Load base: 0x08000000, Size: 0x00004854, Max: 0x00010000, ABSOLUTE)

    Exec Addr    Load Addr    Size         Type   Attr      Idx    E Section Name        Object

    0x08000000   0x08000000   0x000000ec   Data   RO          401    RESET               startup_stm32f10x_md.o
    0x080000ec   0x080000ec   0x00000000   Code   RO          492  * .ARM.Collect$$$$00000000  mc_w.l(entry.o)
    0x080000ec   0x080000ec   0x00000004   Code   RO          774    .ARM.Collect$$$$00000001  mc_w.l(entry2.o)
    0x080000f0   0x080000f0   0x00000004   Code   RO          777    .ARM.Collect$$$$00000004  mc_w.l(entry5.o)
    0x080000f4   0x080000f4   0x00000000   Code   RO          779    .ARM.Collect$$$$00000008  mc_w.l(entry7b.o)
    0x080000f4   0x080000f4   0x00000000   Code   RO          781    .ARM.Collect$$$$0000000A  mc_w.l(entry8b.o)
    0x080000f4   0x080000f4   0x00000008   Code   RO          782    .ARM.Collect$$$$0000000B  mc_w.l(entry9a.o)
    0x080000fc   0x080000fc   0x00000000   Code   RO          784    .ARM.Collect$$$$0000000D  mc_w.l(entry10a.o)
    0x080000fc   0x080000fc   0x00000000   Code   RO          786    .ARM.Collect$$$$0000000F  mc_w.l(entry11a.o)
    0x080000fc   0x080000fc   0x00000004   Code   RO          775    .ARM.Collect$$$$00002712  mc_w.l(entry2.o)
    0x08000100   0x08000100   0x00000140   Code   RO            1    .text               main.o
    0x08000240   0x08000240   0x000002b8   Code   RO          156    .text               uart2.o
    0x080004f8   0x080004f8   0x0000022c   Code   RO          182    .text               uart3.o
    0x08000724   0x08000724   0x0000054c   Code   RO          201    .text               wifi.o
    0x08000c70   0x08000c70   0x000000cc   Code   RO          229    .text               gpio.o
    0x08000d3c   0x08000d3c   0x000000d4   Code   RO          241    .text               delay.o
    0x08000e10   0x08000e10   0x00000210   Code   RO          255    .text               usart.o
    0x08001020   0x08001020   0x00000b30   Code   RO          293    .text               rc522.o
    0x08001b50   0x08001b50   0x000001e0   Code   RO          313    .text               system_stm32f10x.o
    0x08001d30   0x08001d30   0x0000001a   Code   RO          370    .text               stm32f10x_it.o
    0x08001d4a   0x08001d4a   0x00000002   PAD
    0x08001d4c   0x08001d4c   0x00000024   Code   RO          402    .text               startup_stm32f10x_md.o
    0x08001d70   0x08001d70   0x000000dc   Code   RO          406    .text               misc.o
    0x08001e4c   0x08001e4c   0x0000035c   Code   RO          418    .text               stm32f10x_gpio.o
    0x080021a8   0x080021a8   0x000003a4   Code   RO          430    .text               stm32f10x_rcc.o
    0x0800254c   0x0800254c   0x00000408   Code   RO          444    .text               stm32f10x_usart.o
    0x08002954   0x08002954   0x00000e1a   Code   RO          456    .text               stm32f10x_tim.o
    0x0800376e   0x0800376e   0x00000024   Code   RO          495    .text               mc_w.l(memcpya.o)
    0x08003792   0x08003792   0x00000024   Code   RO          497    .text               mc_w.l(memseta.o)
    0x080037b6   0x080037b6   0x00000024   Code   RO          499    .text               mc_w.l(strstr.o)
    0x080037da   0x080037da   0x0000000e   Code   RO          501    .text               mc_w.l(strlen.o)
    0x080037e8   0x080037e8   0x000000e4   Code   RO          766    .text               mf_w.l(dmul.o)
    0x080038cc   0x080038cc   0x0000002c   Code   RO          788    .text               mc_w.l(uidiv.o)
    0x080038f8   0x080038f8   0x00000062   Code   RO          790    .text               mc_w.l(uldiv.o)
    0x0800395a   0x0800395a   0x00000020   Code   RO          792    .text               mc_w.l(llushr.o)
    0x0800397a   0x0800397a   0x00000000   Code   RO          794    .text               mc_w.l(iusefp.o)
    0x0800397a   0x0800397a   0x000000ba   Code   RO          797    .text               mf_w.l(depilogue.o)
    0x08003a34   0x08003a34   0x0000014e   Code   RO          799    .text               mf_w.l(dadd.o)
    0x08003b82   0x08003b82   0x000000de   Code   RO          801    .text               mf_w.l(ddiv.o)
    0x08003c60   0x08003c60   0x00000030   Code   RO          803    .text               mf_w.l(dfixul.o)
    0x08003c90   0x08003c90   0x00000030   Code   RO          805    .text               mf_w.l(cdrcmple.o)
    0x08003cc0   0x08003cc0   0x00000024   Code   RO          807    .text               mc_w.l(init.o)
    0x08003ce4   0x08003ce4   0x0000001e   Code   RO          809    .text               mc_w.l(llshl.o)
    0x08003d02   0x08003d02   0x00000024   Code   RO          811    .text               mc_w.l(llsshr.o)
    0x08003d26   0x08003d26   0x00000002   PAD
    0x08003d28   0x08003d28   0x00000020   Code   RO          594    i.__0printf$3       mc_w.l(printf3.o)
    0x08003d48   0x08003d48   0x00000028   Code   RO          596    i.__0sprintf$3      mc_w.l(printf3.o)
    0x08003d70   0x08003d70   0x00000024   Code   RO          744    i.__0vsprintf       mc_w.l(printfa.o)
    0x08003d94   0x08003d94   0x0000000e   Code   RO          815    i.__scatterload_copy  mc_w.l(handlers.o)
    0x08003da2   0x08003da2   0x00000002   Code   RO          816    i.__scatterload_null  mc_w.l(handlers.o)
    0x08003da4   0x08003da4   0x0000000e   Code   RO          817    i.__scatterload_zeroinit  mc_w.l(handlers.o)
    0x08003db2   0x08003db2   0x00000002   PAD
    0x08003db4   0x08003db4   0x00000184   Code   RO          745    i._fp_digits        mc_w.l(printfa.o)
    0x08003f38   0x08003f38   0x000001b8   Code   RO          601    i._printf_core      mc_w.l(printf3.o)
    0x080040f0   0x080040f0   0x000006dc   Code   RO          746    i._printf_core      mc_w.l(printfa.o)
    0x080047cc   0x080047cc   0x00000024   Code   RO          747    i._printf_post_padding  mc_w.l(printfa.o)
    0x080047f0   0x080047f0   0x0000002e   Code   RO          748    i._printf_pre_padding  mc_w.l(printfa.o)
    0x0800481e   0x0800481e   0x0000000a   Code   RO          603    i._sputc            mc_w.l(printf3.o)
    0x08004828   0x08004828   0x0000000a   Code   RO          750    i._sputc            mc_w.l(printfa.o)
    0x08004832   0x08004832   0x00000002   PAD
    0x08004834   0x08004834   0x00000020   Data   RO          813    Region$$Table       anon$$obj.o


    Execution Region RW_IRAM1 (Exec base: 0x20000000, Load base: 0x08004854, Size: 0x00000ef0, Max: 0x00005000, ABSOLUTE)

    Exec Addr    Load Addr    Size         Type   Attr      Idx    E Section Name        Object

    0x20000000   0x08004854   0x00000008   Data   RW          158    .data               uart2.o
    0x20000008   0x0800485c   0x00000008   Data   RW          184    .data               uart3.o
    0x20000010   0x08004864   0x00000004   Data   RW          242    .data               delay.o
    0x20000014   0x08004868   0x0000000c   Data   RW          257    .data               usart.o
    0x20000020   0x08004874   0x0000003e   Data   RW          295    .data               rc522.o
    0x2000005e   0x080048b2   0x00000002   PAD
    0x20000060   0x080048b4   0x00000014   Data   RW          314    .data               system_stm32f10x.o
    0x20000074   0x080048c8   0x00000014   Data   RW          431    .data               stm32f10x_rcc.o
    0x20000088        -       0x00000800   Zero   RW          157    .bss                uart2.o
    0x20000888        -       0x00000190   Zero   RW          183    .bss                uart3.o
    0x20000a18        -       0x000000c8   Zero   RW          256    .bss                usart.o
    0x20000ae0        -       0x00000010   Zero   RW          294    .bss                rc522.o
    0x20000af0        -       0x00000400   Zero   RW          399    STACK               startup_stm32f10x_md.o


==============================================================================

Image component sizes


      Code (inc. data)   RO Data    RW Data    ZI Data      Debug   Object Name

       212         18          0          4          0       1159   delay.o
       204          8          0          0          0       1027   gpio.o
       320        154          0          0          0     252535   main.o
       220         22          0          0          0       1921   misc.o
      2864        288          0         62         16       9262   rc522.o
        36          8        236          0       1024        832   startup_stm32f10x_md.o
       860         38          0          0          0       5857   stm32f10x_gpio.o
        26          0          0          0          0       1242   stm32f10x_it.o
       932         36          0         20          0       9100   stm32f10x_rcc.o
      3610         88          0          0          0      22964   stm32f10x_tim.o
      1032         22          0          0          0       8580   stm32f10x_usart.o
         0          0          0          0          0         32   sys.o
       480         38          0         20          0       1923   system_stm32f10x.o
       696        102          0          8       2048       3339   uart2.o
       556         96          0          8        400       2270   uart3.o
       528         88          0         12        200       3855   usart.o
      1356        672          0          0          0       3016   wifi.o

    ----------------------------------------------------------------------
     13934       1678        268        136       3688     328914   Object Totals
         0          0         32          0          0          0   (incl. Generated)
         2          0          0          2          0          0   (incl. Padding)

    ----------------------------------------------------------------------

      Code (inc. data)   RO Data    RW Data    ZI Data      Debug   Library Member Name

         0          0          0          0          0          0   entry.o
         0          0          0          0          0          0   entry10a.o
         0          0          0          0          0          0   entry11a.o
         8          4          0          0          0          0   entry2.o
         4          0          0          0          0          0   entry5.o
         0          0          0          0          0          0   entry7b.o
         0          0          0          0          0          0   entry8b.o
         8          4          0          0          0          0   entry9a.o
        30          0          0          0          0          0   handlers.o
        36          8          0          0          0         68   init.o
         0          0          0          0          0          0   iusefp.o
        30          0          0          0          0         68   llshl.o
        36          0          0          0          0         68   llsshr.o
        32          0          0          0          0         68   llushr.o
        36          0          0          0          0         68   memcpya.o
        36          0          0          0          0        108   memseta.o
       522         20          0          0          0        336   printf3.o
      2272         86          0          0          0        516   printfa.o
        14          0          0          0          0         68   strlen.o
        36          0          0          0          0         80   strstr.o
        44          0          0          0          0         80   uidiv.o
        98          0          0          0          0         92   uldiv.o
        48          0          0          0          0         68   cdrcmple.o
       334          0          0          0          0        148   dadd.o
       222          0          0          0          0        100   ddiv.o
       186          0          0          0          0        176   depilogue.o
        48          0          0          0          0         68   dfixul.o
       228          0          0          0          0         96   dmul.o

    ----------------------------------------------------------------------
      4314        122          0          0          0       2276   Library Totals
         6          0          0          0          0          0   (incl. Padding)

    ----------------------------------------------------------------------

      Code (inc. data)   RO Data    RW Data    ZI Data      Debug   Library Name

      3242        122          0          0          0       1620   mc_w.l
      1066          0          0          0          0        656   mf_w.l

    ----------------------------------------------------------------------
      4314        122          0          0          0       2276   Library Totals

    ----------------------------------------------------------------------

==============================================================================


      Code (inc. data)   RO Data    RW Data    ZI Data      Debug   

     18248       1800        268        136       3688     329002   Grand Totals
     18248       1800        268        136       3688     329002   ELF Image Totals
     18248       1800        268        136          0          0   ROM Totals

==============================================================================

    Total RO  Size (Code + RO Data)                18516 (  18.08kB)
    Total RW  Size (RW Data + ZI Data)              3824 (   3.73kB)
    Total ROM Size (Code + RO Data + RW Data)      18652 (  18.21kB)

==============================================================================

